[dongyi.hk/index.html]
[backblue.gif]
[fade.gif]
[index.html]
[dongyi.hk/wp-content/uploads/2022/11/aboutus_636494f5613e43.486537401667536117.png]
[dongyi.hk/wp-includes/css/dist/block-library/style.min84fc.css]
[dongyi.hk/wp-content/plugins/woocommerce/assets/css/woocommerce-layout9b80.css]
[dongyi.hk/wp-content/plugins/woocommerce/assets/css/woocommerce-smallscreen9b80.css]
[dongyi.hk/wp-content/plugins/woocommerce/assets/css/woocommerce9b80.css]
[dongyi.hk/wp-content/plugins/wp-job-openings/assets/css/general.min9bf7.css]
[dongyi.hk/feed/index.html]
[dongyi.hk/wp-content/plugins/wp-job-openings/assets/css/style.min9bf7.css]
[dongyi.hk/wp-content/plugins/wp-store-locator/css/styles.mina341.css]
[dongyi.hk/wp-content/plugins/custom-facebook-feed-pro/assets/css/cff-style.min62d0.css]
[dongyi.hk/wp-content/themes/dsl-global/style84fc.css]
[cdn.jsdelivr.net/npm/bootstrap@5.0.2/dist/css/bootstrap.min84fc.css]
[dongyi.hk/wp-content/themes/dsl-global/assets/css/all5152.css]
[dongyi.hk/wp-content/themes/dsl-global/assets/css/animate9d52.css]
[dongyi.hk/wp-content/themes/dsl-global/assets/css/owl.carousel.min531b.css]
[dongyi.hk/wp-content/themes/dsl-global/assets/css/owl.theme.default.min531b.css]
[cdnjs.cloudflare.com/ajax/libs/animate.css/4.0.0/animate.minf9b8.css]
[dongyi.hk/wp-content/themes/dsl-global/assets/css/lightbox5152.css]
[dongyi.hk/wp-content/themes/dsl-global/assets/css/magnific-popup5152.css]
[cdnjs.cloudflare.com/ajax/libs/font-awesome/6.2.0/css/all.min10df.css]
[cdnjs.cloudflare.com/ajax/libs/slick-carousel/1.6.0/slickaff7.css]
[cdnjs.cloudflare.com/ajax/libs/slick-carousel/1.6.0/slick-themeaff7.css]
[dongyi.hk/wp-content/themes/dsl-global/assets/css/aos5152.css]
[cdnjs.cloudflare.com/ajax/libs/fancybox/3.5.7/jquery.fancybox.minf8ee.css]
[dongyi.hk/wp-content/themes/dsl-global/assets/css/custom5152.css]
[dongyi.hk/wp-content/themes/dsl-global/assets/css/blog5152.css]
[dongyi.hk/wp-content/themes/dsl-global/assets/css/responsive5152.css]
[dongyi.hk/wp-content/plugins/elementor/assets/lib/eicons/css/elementor-icons.minfc13.css]
[dongyi.hk/wp-content/plugins/elementor/assets/css/frontend-lite.mina44d.css]
[dongyi.hk/wp-content/plugins/elementor/assets/lib/swiper/css/swiper.min48f5.css]
[dongyi.hk/wp-content/uploads/elementor/css/post-7a221.css]
[dongyi.hk/wp-content/plugins/agile-store-locator/public/css/sl-bootstrap.css]
[dongyi.hk/wp-content/plugins/elementor-pro/assets/css/frontend-lite.min3ab2.css]
[dongyi.hk/wp-content/uploads/elementor/css/globalc843.css]
[dongyi.hk/wp-content/uploads/elementor/css/post-1655ba90.css]
[dongyi.hk/wp-includes/js/jquery/jquery.minf43b.js]
[dongyi.hk/wp-includes/js/jquery/jquery-migrate.min5589.js]
[dongyi.hk/wp-content/plugins/trustpilot-reviews/review/assets/js/headerScript.min4852.js]
[widget.trustpilot.com/bootstrap/v5/tp.widget.bootstrap.min4852.js]
[dongyi.hk/wp-content/plugins/trustpilot-reviews/review/assets/js/trustBoxScript.min4852.js]
[dongyi.hk/wp-content/plugins/woocommerce/assets/js/jquery-blockui/jquery.blockUI.minac72.js]
[dongyi.hk/wp-content/plugins/woocommerce/assets/js/frontend/add-to-cart.min9b80.js]
[dongyi.hk/wp-content/plugins/woocommerce/assets/js/js-cookie/js.cookie.minde0b.js]
[dongyi.hk/wp-content/plugins/woocommerce/assets/js/frontend/woocommerce.min9b80.js]
[dongyi.hk/wp-content/plugins/wp-statistics/assets/js/tracker84fc.js]
[dongyi.hk/wp-json/wp/v2/pages/1655.json]
[dongyi.hk/wp-json/index.html]
[dongyi.hk/xmlrpc0db0.php]
[dongyi.hk/wp-json/oembed/1.0/embedb627.json]
[dongyi.hk/wp-json/oembed/1.0/embed2ae6]
[dongyi.hk/wp-admin/admin-ajax.php]
[dongyi.hk/wp-content/uploads/2022/11/DSL-Logo.png]
[dongyi.hk/explore-us/index.html]
[dongyi.hk/product-category-list/index.html]
[dongyi.hk/contact/index.html]
[dongyi.hk/news-events/index.html]
[dongyi.hk/join-us/index.html]
[dongyi.hk/wp-content/plugins/revslider/public/assets/assets/dummy.png]
[dongyi.hk/wp-content/uploads/2022/11/aboutus_6360c839809904.334448081667287097.jpg]
[dongyi.hk/wp-content/uploads/2022/11/studio_6360c30930f3f9.939243201667285769.jpg]
[dongyi.hk/wp-content/uploads/2023/10/young-beautiful-hispanic-woman-tailor-drawing-notebook-clothing-factory-scaled.jpg]
[dongyi.hk/wp-content/uploads/2022/11/service_6360b73e423248.960976741667282750.jpg]
[dongyi.hk/wp-content/uploads/2022/11/service_6360beac226324.746112181667284652.png]
[dongyi.hk/wp-content/uploads/2022/11/service_6360b732827b45.131012071667282738.jpg]
[dongyi.hk/wp-content/uploads/2022/11/manufacturing_636348c021ede9.476738431667451072.jpg]
[dongyi.hk/wp-content/uploads/2022/11/manufacturing_636097a1e1a175.950427821667274657.jpg]
[dongyi.hk/wp-content/uploads/2022/11/manufacturing_6360c69d5c8814.655635421667286685.jpg]
[dongyi.hk/wp-content/uploads/2022/11/manufacturing_636348a9a5d821.217990631667451049.jpg]
[dongyi.hk/wp-content/uploads/2022/11/manufacturing_636348b154fe28.186867471667451057.jpg]
[dongyi.hk/wp-content/uploads/2022/11/manufacturing_636348a2d865e7.986277341667451042-1.jpg]
[dongyi.hk/wp-content/uploads/2022/11/ethics_6360bfc1ee5508.123496181667284929.png]
[dongyi.hk/wp-content/uploads/2023/01/Kids.png]
[dongyi.hk/wp-content/uploads/2023/05/KIDS-BOTTOM-DENIM.png]
[dongyi.hk/wp-content/uploads/2023/05/Boys-Jersey.png]
[dongyi.hk/wp-content/uploads/2023/05/BABY-KIDS-KNITWEAR.png]
[dongyi.hk/wp-content/uploads/2023/05/KIDS-NIGHTWEAR.png]
[dongyi.hk/wp-content/uploads/2023/05/KIDS-OUTERWEAR.png]
[dongyi.hk/wp-content/uploads/2023/05/BABY-KIDS-SHIRT.png]
[dongyi.hk/wp-content/uploads/2023/05/Boys-Swim-Shorts.png]
[dongyi.hk/wp-content/uploads/2023/05/KIDS-WOVEN-DRESS.png]
[dongyi.hk/wp-content/uploads/2022/11/category_6360fe0f842134.154846751667300879-1.png]
[dongyi.hk/product-category/kids-fashion/kids-bottom-denim/index.html]
[dongyi.hk/wp-content/uploads/2023/05/MENS-JACKETS-SHORTS_1.png]
[dongyi.hk/wp-content/uploads/2023/05/MENS-SHIRT1.png]
[dongyi.hk/wp-content/uploads/2023/05/MENS-SWEATER.png]
[dongyi.hk/product-category/kids-fashion/kids-jersey/index.html]
[dongyi.hk/product-category/kids-fashion/kids-knitwear/index.html]
[dongyi.hk/wp-content/uploads/2022/11/5.png]
[dongyi.hk/wp-content/uploads/2022/11/6.png]
[dongyi.hk/product-category/kids-fashion/kids-nightwear/index.html]
[dongyi.hk/wp-content/uploads/2022/11/category_636484149bcd46.739953661667531796.png]
[dongyi.hk/product-category/kids-fashion/kids-outerwear/index.html]
[dongyi.hk/wp-content/uploads/2022/11/category_6363a274cbffe1.594346071667474036.png]
[dongyi.hk/product-category/kids-fashion/kids-shirt/index.html]
[dongyi.hk/wp-content/uploads/2023/05/MENS-TAILORING.png]
[dongyi.hk/wp-content/uploads/2022/11/category_635fb50a85c2f0.760214351667216650-1.png]
[dongyi.hk/product-category/kids-fashion/kids-swim-shorts/index.html]
[dongyi.hk/wp-content/uploads/2023/05/WOMENS-BLOUSE.png]
[dongyi.hk/wp-content/uploads/2022/11/category_636484efd4b7f8.793238961667532015.png]
[dongyi.hk/product-category/mens-fashion/index.html]
[dongyi.hk/product-category/kids-fashion/woven-dress/index.html]
[dongyi.hk/wp-content/uploads/2023/05/WOMENS-TAILORING.png]
[dongyi.hk/product-category/mens-fashion/mens-jackets-shorts/index.html]
[dongyi.hk/product-category/mens-fashion/mens-shirt/index.html]
[dongyi.hk/wp-content/uploads/2023/05/womens-jean.png]
[dongyi.hk/product-category/mens-fashion/mens-sweater/index.html]
[dongyi.hk/wp-content/uploads/2022/11/category_63623f83b3cc30.094033851667383171.png]
[dongyi.hk/product-category/mens-fashion/mens-denim/index.html]
[dongyi.hk/product-category/mens-fashion/mens-jersey/index.html]
[dongyi.hk/wp-content/uploads/2023/05/WOMENS-NIGHTWEAR_1.png]
[dongyi.hk/wp-content/uploads/2022/11/category_63623e727bb6c1.511760081667382898.png]
[dongyi.hk/product-category/mens-fashion/mens-knitwear/index.html]
[dongyi.hk/wp-content/uploads/2022/11/category_63623eeef07105.216375621667383022.png]
[dongyi.hk/product-category/mens-fashion/mens-outerwear/index.html]
[dongyi.hk/product-category/mens-fashion/mens-tailoring/index.html]
[dongyi.hk/wp-content/uploads/2022/11/client_63625133ab0aa5.966212831667387699.png]
[dongyi.hk/product-category/womens-fashion/index.html]
[dongyi.hk/wp-content/uploads/2022/11/client_636251f5aa0082.675279551667387893.png]
[dongyi.hk/wp-content/uploads/2023/01/John_Lewis__Partners_logo.svg.png]
[dongyi.hk/product-category/womens-fashion/womens-blouse/index.html]
[dongyi.hk/product-category/womens-fashion/womens-sweater/index.html]
[dongyi.hk/product-category/womens-fashion/womens-tailoring/index.html]
[dongyi.hk/wp-content/uploads/2022/11/client_63624a536a9400.540626301667385939.png]
[dongyi.hk/wp-content/uploads/2022/11/1.png]
[dongyi.hk/product-category/womens-fashion/womens-denim/index.html]
[dongyi.hk/product-category/womens-fashion/womens-knitwear/index.html]
[dongyi.hk/wp-content/uploads/2022/11/4-1.png]
[dongyi.hk/product-category/womens-fashion/womens-nightwear/index.html]
[dongyi.hk/wp-content/uploads/2022/11/pavel-1.png]
[dongyi.hk/product-category/womens-fashion/womens-tops-dresses/index.html]
[dongyi.hk/wp-content/uploads/2022/11/paritosh.png]
[dongyi.hk/product-category/womens-fashion/womens-woven-bottoms/index.html]
[dongyi.hk/wp-content/uploads/2023/05/textured-solid-background-grey-color-ai1dty0vlm7xweo0.jpg]
[dongyi.hk/wp-content/uploads/2022/11/6.jpg]
[dongyi.hk/md-message/index.html]
[dongyi.hk/wp-content/uploads/2022/11/sophy.png]
[dongyi.hk/wp-content/uploads/2023/07/2a069f5a-8be4-4f6e-b4a1-52d4d2149102.jpg]
[dongyi.hk/wp-content/uploads/2023/07/DSC07320-scaled.jpg]
[dongyi.hk/wp-content/uploads/2022/11/service_main_image.jpg]
[dongyi.hk/wp-content/uploads/2023/01/323971766_464482535888921_5621700279941039584_n.jpg]
[dongyi.hk/wp-content/uploads/2022/12/Dongyi-Sourcing-Limited-1.jpg]
[dongyi.hk/wp-content/uploads/2022/12/video_thumbnail_New_Logo__1657948982.jpg]
[dongyi.hk/dsls-target-of-achieving-100-billion-in-exports-by-2030/index.html]
[dongyi.hk/wp-content/uploads/2022/11/Dongyi-950x498_DSL_WT.png]
[dongyi.hk/wp-content/plugins/revslider/public/assets/fonts/pe-icon-7-stroke/css/pe-icon-7-stroke.css]
[dongyi.hk/category/feature/index.html]
[dongyi.hk/wp-content/plugins/agile-store-locator/public/css/icons/fontelloc8f9.css]
[dongyi.hk/wp-content/plugins/agile-store-locator/public/css/sl-bootstrapc8f9.css]
[dongyi.hk/category/news/index.html]
[dongyi.hk/wp-content/plugins/agile-store-locator/public/css/tmpl-0/tmpl-0c8f9.css]
[dongyi.hk/dsl-provided-financial-support-and-education-scholarship-to-the-family-of-former-employee-latifur-rahman-ripon/index.html]
[dongyi.hk/wp-content/plugins/elementor/assets/lib/animations/animations.mina44d.css]
[dongyi.hk/best-buying-house-in-bangladesh/index.html]
[dongyi.hk/category/random/index.html]
[dongyi.hk/csr-activity-performed-by-dongyi-sourcing-limited-dsl-blog/index.html]
[dongyi.hk/wp-content/plugins/revslider/public/assets/css/rs64261.css]
[dongyi.hk/dongyi-sourcing-limited-dsl/index.html]
[dongyi.hk/wp-content/plugins/revslider/public/assets/js/rbtools.min4261.js]
[dongyi.hk/bgmea-president-meeting-dsl-blog/index.html]
[dongyi.hk/our-offices/index.html]
[dongyi.hk/wp-content/plugins/revslider/public/assets/js/rs6.min4261.js]
[dongyi.hk/gallery/index.html]
[dongyi.hk/wp-content/plugins/woocommerce/assets/js/sourcebuster/sourcebuster.min9b80.js]
[dongyi.hk/wp-content/plugins/woocommerce/assets/js/frontend/order-attribution.min9b80.js]
[dongyi.hk/wp-content/plugins/wp-job-openings/assets/js/script.min9bf7.js]
[dongyi.hk/wp-content/plugins/custom-facebook-feed-pro/assets/js/cff-scripts.min62d0.js]
[dongyi.hk/wp-content/themes/dsl-global/assets/js/jquery.min5589.js]
[cdn.jsdelivr.net/npm/@popperjs/core@2.9.2/dist/umd/popper.minab7d.js]
[cdn.jsdelivr.net/npm/bootstrap@5.0.2/dist/js/bootstrap.mince52.js]
[dongyi.hk/wp-content/themes/dsl-global/assets/js/owl.carousel.min5152.js]
[dongyi.hk/wp-content/themes/dsl-global/assets/js/lightbox.min5152.js]
[dongyi.hk/wp-content/themes/dsl-global/assets/js/jquery.easing.min5152.js]
[dongyi.hk/wp-content/themes/dsl-global/assets/js/wow.min5152.js]
[dongyi.hk/wp-content/themes/dsl-global/assets/js/jquery.waypoints.min5152.js]
[dongyi.hk/wp-content/themes/dsl-global/assets/js/jquery.counterup.min5152.js]
[dongyi.hk/wp-content/themes/dsl-global/assets/js/jquery.magnific-popup.min5152.js]
[dongyi.hk/wp-content/themes/dsl-global/assets/js/aos5152.js]
[cdnjs.cloudflare.com/ajax/libs/fancybox/3.5.7/jquery.fancybox.minf8ee.js]
[cdnjs.cloudflare.com/ajax/libs/slick-carousel/1.6.0/slickaff7.js]
[dongyi.hk/wp-content/themes/dsl-global/assets/js/custom5152.js]
[dongyi.hk/wp-content/plugins/agile-store-locator/public/js/asl_libs.minc8f9.js]
[dongyi.hk/wp-content/plugins/agile-store-locator/public/js/site_scriptc8f9.js]
[dongyi.hk/wp-content/plugins/elementor-pro/assets/js/webpack-pro.runtime.min3ab2.js]
[dongyi.hk/wp-content/plugins/elementor/assets/js/webpack.runtime.mina44d.js]
[dongyi.hk/wp-content/plugins/elementor/assets/js/frontend-modules.mina44d.js]
[dongyi.hk/wp-includes/js/dist/vendor/wp-polyfill-inert.min0226.js]
[dongyi.hk/wp-includes/js/dist/vendor/regenerator-runtime.min6c85.js]
[dongyi.hk/wp-includes/js/dist/vendor/wp-polyfill.min2c7c.js]
[dongyi.hk/wp-includes/js/dist/hooks.min2ebd.js]
[dongyi.hk/wp-includes/js/dist/i18n.minf92f.js]
[dongyi.hk/wp-content/plugins/elementor-pro/assets/js/frontend.min3ab2.js]
[dongyi.hk/wp-content/plugins/elementor/assets/lib/waypoints/waypoints.min05da.js]
[dongyi.hk/wp-includes/js/jquery/ui/core.min3f14.js]
[dongyi.hk/wp-content/plugins/elementor/assets/js/frontend.mina44d.js]
[dongyi.hk/wp-content/plugins/elementor-pro/assets/js/elements-handlers.min3ab2.js]
[dongyi.hk/wp-includes/js/underscore.mind584.js]
[dongyi.hk/wp-includes/js/wp-util.min84fc.js]
[dongyi.hk/wp-content/plugins/wpforms-lite/assets/js/integrations/elementor/frontend.min5068.js]
[dongyi.hk/index.html]
[dongyi.hk/wp-includes/css/dist/block-library/style.min84fc.css]
[dongyi.hk/wp-content/plugins/agile-store-locator/public/css/initc8f9.css]
[dongyi.hk/wp-content/plugins/woocommerce/assets/css/woocommerce-layout9b80.css]
[dongyi.hk/wp-content/plugins/woocommerce/assets/css/woocommerce-smallscreen9b80.css]
[dongyi.hk/wp-content/plugins/woocommerce/assets/fonts/star.eot]
[dongyi.hk/wp-content/plugins/woocommerce/assets/fonts/stard41d.eot]
[dongyi.hk/wp-content/plugins/woocommerce/assets/fonts/star.woff]
[dongyi.hk/wp-content/plugins/woocommerce/assets/fonts/star.ttf]
[dongyi.hk/wp-content/plugins/woocommerce/assets/fonts/star.svg]
[dongyi.hk/wp-content/plugins/woocommerce/assets/fonts/WooCommerce.eot]
[dongyi.hk/wp-content/plugins/woocommerce/assets/fonts/WooCommerced41d.eot]
[dongyi.hk/wp-content/plugins/woocommerce/assets/fonts/WooCommerce.woff]
[dongyi.hk/wp-content/plugins/woocommerce/assets/fonts/WooCommerce.ttf]
[dongyi.hk/wp-content/plugins/woocommerce/assets/fonts/WooCommerce.svg]
[dongyi.hk/wp-content/plugins/woocommerce/assets/images/icons/credit-cards/visa.svg]
[dongyi.hk/wp-content/plugins/woocommerce/assets/images/icons/credit-cards/mastercard.svg]
[dongyi.hk/wp-content/plugins/woocommerce/assets/images/icons/credit-cards/laser.svg]
[dongyi.hk/wp-content/plugins/woocommerce/assets/images/icons/credit-cards/diners.svg]
[dongyi.hk/wp-content/plugins/woocommerce/assets/images/icons/credit-cards/maestro.svg]
[dongyi.hk/wp-content/plugins/woocommerce/assets/images/icons/credit-cards/jcb.svg]
[dongyi.hk/wp-content/plugins/woocommerce/assets/images/icons/credit-cards/amex.svg]
[dongyi.hk/wp-content/plugins/woocommerce/assets/images/icons/credit-cards/discover.svg]
[dongyi.hk/wp-content/plugins/woocommerce/assets/css/woocommerce9b80.css]
[dongyi.hk/wp-content/plugins/wp-job-openings/assets/fonts/awsm-jobs-icomoon062a.eot]
[dongyi.hk/wp-content/plugins/wp-job-openings/assets/fonts/awsm-jobs-icomoon062a.ttf]
[dongyi.hk/wp-content/plugins/wp-job-openings/assets/fonts/awsm-jobs-icomoon062a.woff]
[dongyi.hk/wp-content/plugins/wp-job-openings/assets/css/general.min9bf7.css]
[dongyi.hk/wp-content/plugins/wp-job-openings/assets/img/loading.svg]
[dongyi.hk/wp-content/plugins/wp-job-openings/assets/css/style.min9bf7.css]
[dongyi.hk/wp-content/plugins/wp-store-locator/font/fontello8040.eot]
[dongyi.hk/wp-content/plugins/wp-store-locator/font/fontello8040.woff]
[dongyi.hk/wp-content/plugins/wp-job-openings/assets/fonts/awsm-jobs-icomoon062a.svg]
[dongyi.hk/wp-content/plugins/wp-store-locator/font/fontello8040.ttf]
[dongyi.hk/wp-content/plugins/wp-store-locator/font/fontello8040.svg]
[dongyi.hk/wp-content/plugins/wp-store-locator/css/styles.mina341.css]
[dongyi.hk/wp-content/plugins/custom-facebook-feed-pro/assets/img/cff-sprite.png]
[dongyi.hk/wp-content/plugins/custom-facebook-feed-pro/assets/css/cff-style.min62d0.css]
[dongyi.hk/wp-content/themes/dsl-global/style84fc.css]
[cdn.jsdelivr.net/npm/bootstrap@5.0.2/dist/css/bootstrap.min84fc.css]
[dongyi.hk/wp-content/themes/dsl-global/assets/webfonts/fa-brands-400.eot]
[dongyi.hk/wp-content/themes/dsl-global/assets/webfonts/fa-brands-400d41d.eot]
[dongyi.hk/wp-content/themes/dsl-global/assets/webfonts/fa-brands-400.woff2]
[dongyi.hk/wp-content/themes/dsl-global/assets/webfonts/fa-brands-400.woff]
[dongyi.hk/wp-content/themes/dsl-global/assets/webfonts/fa-brands-400.ttf]
[dongyi.hk/wp-content/themes/dsl-global/assets/webfonts/fa-brands-400.svg]
[dongyi.hk/wp-content/themes/dsl-global/assets/webfonts/fa-regular-400.eot]
[dongyi.hk/wp-content/themes/dsl-global/assets/webfonts/fa-regular-400d41d.eot]
[dongyi.hk/wp-content/themes/dsl-global/assets/webfonts/fa-regular-400.woff2]
[dongyi.hk/wp-content/themes/dsl-global/assets/webfonts/fa-regular-400.woff]
[dongyi.hk/wp-content/themes/dsl-global/assets/webfonts/fa-regular-400.ttf]
[dongyi.hk/wp-content/themes/dsl-global/assets/webfonts/fa-regular-400.svg]
[dongyi.hk/wp-content/themes/dsl-global/assets/webfonts/fa-solid-900.eot]
[dongyi.hk/wp-content/themes/dsl-global/assets/webfonts/fa-solid-900d41d.eot]
[dongyi.hk/wp-content/themes/dsl-global/assets/webfonts/fa-solid-900.woff2]
[dongyi.hk/wp-content/themes/dsl-global/assets/webfonts/fa-solid-900.woff]
[dongyi.hk/wp-content/themes/dsl-global/assets/webfonts/fa-solid-900.ttf]
[dongyi.hk/wp-content/themes/dsl-global/assets/webfonts/fa-solid-900.svg]
[dongyi.hk/wp-content/themes/dsl-global/assets/css/all5152.css]
[dongyi.hk/wp-content/themes/dsl-global/assets/css/animate9d52.css]
[dongyi.hk/wp-content/themes/dsl-global/assets/css/owl.video.play.png]
[dongyi.hk/wp-content/themes/dsl-global/assets/css/owl.carousel.min531b.css]
[dongyi.hk/wp-content/themes/dsl-global/assets/css/owl.theme.default.min531b.css]
[cdnjs.cloudflare.com/ajax/libs/animate.css/4.0.0/animate.minf9b8.css]
[dongyi.hk/wp-content/themes/dsl-global/assets/css/lightbox5152.css]
[dongyi.hk/wp-content/themes/dsl-global/assets/css/magnific-popup5152.css]
[cdnjs.cloudflare.com/ajax/libs/font-awesome/6.2.0/css/all.min10df.css]
[cdnjs.cloudflare.com/ajax/libs/slick-carousel/1.6.0/slickaff7.css]
[cdnjs.cloudflare.com/ajax/libs/slick-carousel/1.6.0/ajax-loader.gif]
[cdnjs.cloudflare.com/ajax/libs/slick-carousel/1.6.0/fonts/slick.eot]
[cdnjs.cloudflare.com/ajax/libs/slick-carousel/1.6.0/fonts/slickd41d.eot]
[cdnjs.cloudflare.com/ajax/libs/slick-carousel/1.6.0/fonts/slick.woff]
[cdnjs.cloudflare.com/ajax/libs/slick-carousel/1.6.0/fonts/slick.ttf]
[cdnjs.cloudflare.com/ajax/libs/slick-carousel/1.6.0/slick-themeaff7.css]
[dongyi.hk/wp-content/themes/dsl-global/assets/css/aos5152.css]
[cdnjs.cloudflare.com/ajax/libs/fancybox/3.5.7/jquery.fancybox.minf8ee.css]
[cdnjs.cloudflare.com/ajax/libs/slick-carousel/1.6.0/fonts/slick.svg]
[dongyi.hk/wp-content/themes/dsl-global/assets/font/Helvetica/Helvetica.ttf]
[dongyi.hk/wp-content/themes/dsl-global/assets/font/Helvetica/Helvetica-Bold.ttf]
[dongyi.hk/wp-content/themes/dsl-global/assets/font/Constantia/Constantia.ttf]
[dongyi.hk/wp-content/themes/dsl-global/assets/font/ArialMdm.ttf]
[dongyi.hk/wp-content/themes/dsl-global/assets/font/abhaya-libre.medium.ttf]
[dongyi.hk/wp-content/themes/dsl-global/assets/images/bg.jpg]
[dongyi.hk/wp-content/themes/dsl-global/assets/images/pattern.jpg]
[dongyi.hk/wp-content/themes/dsl-global/assets/images/bg1.jpg]
[dongyi.hk/wp-content/themes/dsl-global/assets/images/bg2.jpg]
[dongyi.hk/wp-content/themes/dsl-global/assets/images/pattern1.png]
[dongyi.hk/wp-content/themes/dsl-global/assets/images/bg4.jpg]
[dongyi.hk/wp-content/themes/dsl-global/assets/images/7.png]
[dongyi.hk/wp-content/themes/dsl-global/assets/images/17.png]
[dongyi.hk/wp-content/themes/dsl-global/assets/images/product-header.png]
[dongyi.hk/wp-content/themes/dsl-global/assets/css/custom5152.css]
[dongyi.hk/wp-content/themes/dsl-global/assets/css/blog5152.css]
[dongyi.hk/wp-content/themes/dsl-global/assets/css/responsive5152.css]
[dongyi.hk/wp-content/plugins/elementor/assets/lib/eicons/fonts/eiconsb732.eot]
[dongyi.hk/wp-content/plugins/elementor/assets/lib/eicons/fonts/eiconsb732.woff2]
[dongyi.hk/wp-content/plugins/elementor/assets/lib/eicons/fonts/eiconsb732.woff]
[dongyi.hk/wp-content/plugins/elementor/assets/lib/eicons/fonts/eiconsb732.ttf]
[dongyi.hk/wp-content/plugins/elementor/assets/lib/eicons/fonts/eiconsb732.svg]
[dongyi.hk/wp-content/plugins/elementor/assets/lib/eicons/css/elementor-icons.minfc13.css]
[dongyi.hk/wp-content/plugins/elementor/assets/css/frontend-lite.mina44d.css]
[dongyi.hk/wp-content/plugins/elementor/assets/lib/swiper/css/swiper.min48f5.css]
[dongyi.hk/wp-content/uploads/elementor/css/post-7a221.css]
[dongyi.hk/wp-content/plugins/agile-store-locator/public/css/sl-bootstrap.css]
[dongyi.hk/wp-content/plugins/elementor-pro/assets/css/frontend-lite.min3ab2.css]
[dongyi.hk/wp-content/uploads/elementor/css/globalc843.css]
[dongyi.hk/wp-content/uploads/elementor/css/post-1655ba90.css]
[dongyi.hk/xhr.js]
[dongyi.hk/GET]
[dongyi.hk/lib/widget-management.js]
[widget.trustpilot.com/bootstrap/v5/tp.widget.bootstrap.min4852.js]
[dongyi.hk/wp-content/plugins/index.html]
[dongyi.hk/wp-admin/admin-ajax.html]
[dongyi.hk/wp-json/wp/v2/pages/399.json]
[dongyi.hk/wp-json/oembed/1.0/embed67ce.json]
[dongyi.hk/wp-json/oembed/1.0/embed9c75]
[dongyi.hk/wp-content/uploads/2022/11/ethics_6360bc1b2ef2d1.694846731667283995.png]
[dongyi.hk/wp-content/uploads/2022/11/product-header.png]
[dongyi.hk/wp-content/uploads/2022/11/ethics_6360bbd9340013.532799881667283929.png]
[dongyi.hk/wp-content/uploads/2022/11/ethics_6360bc4e5f6930.629846961667284046.png]
[dongyi.hk/explore-us/index.html]
[dongyi.hk/wp-json/wp/v2/pages/434.json]
[dongyi.hk/wp-json/oembed/1.0/embed4b83.json]
[dongyi.hk/product-category-list/index.html]
[dongyi.hk/wp-json/oembed/1.0/embedd181]
[dongyi.hk/wp-content/uploads/elementor/css/post-3705fb2.css]
[dongyi.hk/wp-json/wp/v2/pages/370.json]
[dongyi.hk/wp-json/oembed/1.0/embedfbad.json]
[dongyi.hk/wp-json/oembed/1.0/embed0833]
[dongyi.hk/wp-content/uploads/2023/01/DSC03898-scaled.jpg]
[dongyi.hk/wp-content/uploads/2022/11/63502195b0fa7.jpg]
[dongyi.hk/wp-content/uploads/2022/11/knitwear-2.webp]
[dongyi.hk/wp-content/uploads/2022/11/blog_6361091cee9444.333294011667303708.jpg]
[scontent-sin11-1.xx.fbcdn.net/v/t39.30808-1/290527353_553501513136759_1225644435505681827_nacc2.jpg]
[dongyi.hk/bgmea-demands-to-implement-source-tax-dsl-blog/index.html]
[dongyi.hk/dsl-3rd-anniversary-celebration-dsl-blog/index.html]
[dongyi.hk/wp-content/plugins/custom-facebook-feed-pro/assets/img/placeholder.png]
[dongyi.hk/news-events/index.html]
[dongyi.hk/rmg-exports-increase-dsl-blog/index.html]
[dongyi.hk/knitwear-continues-dominance-in-export-dsl-blog/index.html]
[dongyi.hk/buying-house-role-in-rmg-sector-of-bangladesh/index.html]
[dongyi.hk/category/events/index.html]
[dongyi.hk/wp-content/uploads/2022/11/contact-us-1-768x550.png]
[dongyi.hk/wp-content/uploads/elementor/css/post-403a24d.css]
[dongyi.hk/wp-content/plugins/elementor/assets/lib/font-awesome/css/fontawesome.min52d5.css]
[dongyi.hk/dsl-targets-100-mn-revenue-by-2025/index.html]
[dongyi.hk/category/uncategorized/index.html]
[dongyi.hk/wp-content/plugins/elementor/assets/lib/font-awesome/css/regular.min52d5.css]
[dongyi.hk/wp-json/wp/v2/pages/403.json]
[dongyi.hk/wp-json/oembed/1.0/embed57c8.json]
[dongyi.hk/wp-json/oembed/1.0/embed33e6]
[dongyi.hk/contact/index.html]
[dongyi.hk/wp-content/plugins/elementor-pro/assets/css/widget-animated-headline.min.css]
[dongyi.hk/wp-content/uploads/2022/11/blog_6361097546d553.778025241667303797.jpg]
[dongyi.hk/wp-content/uploads/elementor/css/post-615f8b9.css]
[dongyi.hk/wp-json/wp/v2/pages/615.json]
[dongyi.hk/wp-json/oembed/1.0/embed9315.json]
[dongyi.hk/wp-json/oembed/1.0/embed5b34]
[dongyi.hk/wp-content/plugins/elementor-pro/assets/css/widget-call-to-action.min.css]
[dongyi.hk/wp-content/uploads/2022/11/man-having-online-job-interview_52683-43379.webp]
[dongyi.hk/join-us/merchandise-manager-woven1/index.html]
[dongyi.hk/join-us/merchandise-manager-jersey/index.html]
[dongyi.hk/join-us/index.html]
[dongyi.hk/join-us/merchandiser-jersey/index.html]
[dongyi.hk/join-us/product-development-manager-jersey/index.html]
[dongyi.hk/join-us/merchandiser-woven-denim1/index.html]
[dongyi.hk/join-us/product-developer-jersey/index.html]
[dongyi.hk/join-us/product-developer-denim/index.html]
[dongyi.hk/join-us/product-developer-sweater/index.html]
[dongyi.hk/join-us/designer-jersey/index.html]
[dongyi.hk/join-us/fabric-developer-jersey/index.html]
[dongyi.hk/wp-json/wp/v2/product_cat/65.json]
[dongyi.hk/product-category/kids-fashion/kids-bottom-denim/index.html]
[dongyi.hk/product-category/kids-fashion/kids-bottom-denim/feed/index.html]
[dongyi.hk/join-us/development-merchandiser-sweater/index.html]
[dongyi.hk/join-us/garment-technologist-jersey/index.html]
[dongyi.hk/product-category/kids-fashion/index.html]
[dongyi.hk/wp-json/wp/v2/product_cat/64.json]
[dongyi.hk/product-category/kids-fashion/kids-jersey/index.html]
[dongyi.hk/product-category/kids-fashion/kids-jersey/feed/index.html]
[dongyi.hk/product-category/kids-fashion/kids-knitwear/feed/index.html]
[dongyi.hk/wp-json/wp/v2/product_cat/61.json]
[dongyi.hk/product-category/kids-fashion/kids-knitwear/index.html]
[dongyi.hk/wp-json/wp/v2/product_cat/66.json]
[dongyi.hk/product-category/kids-fashion/kids-nightwear/index.html]
[dongyi.hk/product-category/kids-fashion/kids-nightwear/feed/index.html]
[dongyi.hk/wp-json/wp/v2/product_cat/67.json]
[dongyi.hk/product-category/kids-fashion/kids-outerwear/index.html]
[dongyi.hk/product-category/kids-fashion/kids-outerwear/feed/index.html]
[dongyi.hk/wp-json/wp/v2/product_cat/62.json]
[dongyi.hk/product-category/kids-fashion/kids-shirt/index.html]
[dongyi.hk/product-category/kids-fashion/kids-shirt/feed/index.html]
[dongyi.hk/product-category/kids-fashion/kids-swim-shorts/feed/index.html]
[dongyi.hk/wp-json/wp/v2/product_cat/63.json]
[dongyi.hk/product-category/kids-fashion/kids-swim-shorts/index.html]
[dongyi.hk/wp-json/wp/v2/product_cat/68.json]
[dongyi.hk/product-category/kids-fashion/woven-dress/index.html]
[dongyi.hk/product-category/kids-fashion/woven-dress/feed/index.html]
[dongyi.hk/wp-json/wp/v2/product_cat/19.json]
[dongyi.hk/product-category/mens-fashion/index.html]
[dongyi.hk/product-category/mens-fashion/feed/index.html]
[dongyi.hk/wp-json/wp/v2/product_cat/58.json]
[dongyi.hk/product-category/mens-fashion/mens-jackets-shorts/index.html]
[dongyi.hk/product-category/mens-fashion/mens-jackets-shorts/feed/index.html]
[dongyi.hk/wp-json/wp/v2/product_cat/60.json]
[dongyi.hk/product-category/mens-fashion/mens-shirt/index.html]
[dongyi.hk/product-category/mens-fashion/mens-shirt/feed/index.html]
[dongyi.hk/wp-json/wp/v2/product_cat/50.json]
[dongyi.hk/product-category/mens-fashion/mens-sweater/index.html]
[dongyi.hk/product-category/mens-fashion/mens-sweater/feed/index.html]
[dongyi.hk/wp-json/wp/v2/product_cat/39.json]
[dongyi.hk/wp-content/uploads/2022/11/river-island-relaxed-slim-balance-jeans-light-blue-300x300.jpg]
[dongyi.hk/product-category/mens-fashion/mens-denim/feed/index.html]
[dongyi.hk/wp-content/uploads/2022/11/very-man-straight-black-raw-jean-with-stretch-black-300x300.jpg]
[dongyi.hk/product-category/mens-fashion/mens-denim/index.html]
[dongyi.hk/product/mens-denim/index.html]
[dongyi.hk/wp-json/wp/v2/product_cat/49.json]
[dongyi.hk/product-category/mens-fashion/mens-jersey/index.html]
[dongyi.hk/product-category/mens-fashion/mens-jersey/feed/index.html]
[dongyi.hk/product/mens-denim-2/index.html]
[dongyi.hk/product-category/mens-fashion/mens-knitwear/feed/index.html]
[dongyi.hk/wp-json/wp/v2/product_cat/41.json]
[dongyi.hk/product-category/mens-fashion/mens-knitwear/index.html]
[dongyi.hk/product-category/mens-fashion/mens-outerwear/feed/index.html]
[dongyi.hk/wp-json/wp/v2/product_cat/42.json]
[dongyi.hk/product-category/mens-fashion/mens-outerwear/index.html]
[dongyi.hk/product-category/mens-fashion/mens-tailoring/feed/index.html]
[dongyi.hk/wp-json/wp/v2/product_cat/59.json]
[dongyi.hk/product-category/mens-fashion/mens-tailoring/index.html]
[dongyi.hk/product-category/womens-fashion/feed/index.html]
[dongyi.hk/wp-json/wp/v2/product_cat/18.json]
[dongyi.hk/wp-content/uploads/2023/05/womens-jean-300x300.png]
[dongyi.hk/product-category/womens-fashion/index.html]
[dongyi.hk/wp-json/wp/v2/product_cat/70.json]
[dongyi.hk/product-category/womens-fashion/womens-blouse/index.html]
[dongyi.hk/product-category/womens-fashion/womens-blouse/feed/index.html]
[dongyi.hk/product-category/womens-fashion/womens-sweater/feed/index.html]
[dongyi.hk/wp-json/wp/v2/product_cat/45.json]
[dongyi.hk/product-category/womens-fashion/womens-sweater/index.html]
[dongyi.hk/wp-json/wp/v2/product_cat/69.json]
[dongyi.hk/product-category/womens-fashion/womens-tailoring/index.html]
[dongyi.hk/product-category/womens-fashion/womens-tailoring/feed/index.html]
[dongyi.hk/wp-json/wp/v2/product_cat/43.json]
[dongyi.hk/product-category/womens-fashion/womens-denim/feed/index.html]
[dongyi.hk/wp-content/uploads/2022/11/M70567s-scaled-1-300x300.webp]
[dongyi.hk/wp-content/uploads/2022/11/426053s7-scaled-1-300x300.jpg]
[dongyi.hk/wp-content/uploads/2022/11/222330s5-scaled-1-300x300.webp]
[dongyi.hk/wp-content/uploads/2022/11/A47088s5-scaled-1-300x300.webp]
[dongyi.hk/wp-content/uploads/2022/11/237907s8-scaled-1-300x300.webp]
[dongyi.hk/wp-content/uploads/2022/11/M14370s5-scaled-1-300x300.jpg]
[dongyi.hk/wp-content/uploads/2022/11/A47324s2-scaled-1-300x300.jpg]
[dongyi.hk/wp-content/uploads/2022/11/A47354s5-scaled-1-300x300.jpg]
[dongyi.hk/wp-content/uploads/2022/11/A47352s4-scaled-1-300x300.jpg]
[dongyi.hk/wp-content/uploads/2022/11/M04819s5-scaled-1-300x300.webp]
[dongyi.hk/product/womens-denim-8/index.html]
[dongyi.hk/wp-content/uploads/2022/11/M04820s6-scaled-1-300x300.webp]
[dongyi.hk/wp-content/uploads/2022/11/M58881s9-scaled-1-300x300.jpg]
[dongyi.hk/wp-content/uploads/2022/11/T21-544s4-scaled-1-300x300.webp]
[dongyi.hk/wp-content/uploads/2022/11/T20236s6-scaled-1-300x300.jpg]
[dongyi.hk/product/blue-long-shirt/index.html]
[dongyi.hk/wp-content/uploads/2022/11/A47319s2-scaled-1-300x300.jpg]
[dongyi.hk/wp-content/uploads/2022/11/A47311s6-scaled-1-300x300.jpg]
[dongyi.hk/product-category/womens-fashion/womens-denim/index.html]
[dongyi.hk/product/dark-blue-long-shirt/index.html]
[dongyi.hk/product/skinny-jeans/index.html]
[dongyi.hk/wp-json/wp/v2/product_cat/44.json]
[dongyi.hk/product/womens-denim-12/index.html]
[dongyi.hk/product/white-long-shirt/index.html]
[dongyi.hk/product/womens-denim-18/index.html]
[dongyi.hk/wp-content/uploads/2022/11/A00279s2-scaled-1-300x300.jpeg]
[dongyi.hk/wp-content/uploads/2022/11/A00369s2-scaled-1-300x300.jpg]
[dongyi.hk/product/womens-denim-17/index.html]
[dongyi.hk/wp-content/uploads/2022/11/T22727s2-scaled-1-300x300.jpg]
[dongyi.hk/product/womens-denim-16/index.html]
[dongyi.hk/product/womens-denim-14/index.html]
[dongyi.hk/wp-content/uploads/2022/11/WOMENS-KNITWEAR-1-300x300.webp]
[dongyi.hk/product/womens-denim-13/index.html]
[dongyi.hk/wp-content/uploads/2022/11/WOMENS-KNITWEAR-2-300x300.webp]
[dongyi.hk/product/womens-denim-11/index.html]
[dongyi.hk/product/womens-denim-10/index.html]
[dongyi.hk/wp-content/uploads/2022/11/WOMENS-KNITWEAR-3-300x300.webp]
[dongyi.hk/product-category/womens-fashion/womens-knitwear/index.html]
[dongyi.hk/product-category/womens-fashion/womens-knitwear/feed/index.html]
[dongyi.hk/product/womens-denim-9/index.html]
[dongyi.hk/product/womens-denim-7/index.html]
[dongyi.hk/product/womens-denim-6/index.html]
[dongyi.hk/product/womens-knitwear/index.html]
[dongyi.hk/wp-json/wp/v2/product_cat/57.json]
[dongyi.hk/product-category/womens-fashion/womens-nightwear/index.html]
[dongyi.hk/product/womens-knitwear-2/index.html]
[dongyi.hk/product/womens-knitwear-3/index.html]
[dongyi.hk/product/womens-knitwear-1/index.html]
[dongyi.hk/product/womens-knitwear-2-2/index.html]
[dongyi.hk/product/womens-knitwear-3-2/index.html]
[dongyi.hk/product-category/womens-fashion/womens-nightwear/feed/index.html]
[dongyi.hk/product-category/womens-fashion/womens-tops-dresses/feed/index.html]
[dongyi.hk/wp-json/wp/v2/product_cat/33.json]
[dongyi.hk/wp-content/uploads/2022/11/WOMENS-JERSEY-1-300x300.jpg]
[dongyi.hk/wp-content/uploads/2022/11/WOMENS-JERSEY-1-300x300.webp]
[dongyi.hk/wp-content/uploads/2022/11/WOMENS-JERSEY-10-300x300.webp]
[dongyi.hk/wp-content/uploads/2022/11/WOMENS-JERSEY-11-300x300.webp]
[dongyi.hk/wp-content/uploads/2022/11/WOMENS-JERSEY-12-300x300.webp]
[dongyi.hk/wp-content/uploads/2022/11/WOMENS-JERSEY-13-300x300.webp]
[dongyi.hk/wp-content/uploads/2022/11/WOMENS-JERSEY-15-300x300.webp]
[dongyi.hk/product/womens-jersey/index.html]
[dongyi.hk/wp-content/uploads/2022/11/WOMENS-JERSEY-16-300x300.webp]
[dongyi.hk/wp-content/uploads/2022/11/WOMENS-JERSEY-17-300x300.webp]
[dongyi.hk/wp-content/uploads/2022/11/WOMENS-JERSEY-18-300x300.webp]
[dongyi.hk/wp-content/uploads/2022/11/WOMENS-JERSEY-19-300x300.webp]
[dongyi.hk/wp-content/uploads/2022/11/WOMENS-JERSEY-2-300x300.webp]
[dongyi.hk/product/womens-jersey-1/index.html]
[dongyi.hk/wp-content/uploads/2022/11/WOMENS-JERSEY-2-300x300.jpg]
[dongyi.hk/wp-content/uploads/2022/11/WOMENS-JERSEY-20-300x300.webp]
[dongyi.hk/wp-content/uploads/2022/11/WOMENS-JERSEY-21-300x300.webp]
[dongyi.hk/product-category/womens-fashion/womens-tops-dresses/index.html]
[dongyi.hk/product/womens-jersey-10/index.html]
[dongyi.hk/product/womens-jersey-11/index.html]
[dongyi.hk/product/womens-jersey-12/index.html]
[dongyi.hk/wp-json/wp/v2/product_cat/34.json]
[dongyi.hk/product-category/womens-fashion/womens-woven-bottoms/index.html]
[dongyi.hk/product/womens-jersey-13-2/index.html]
[dongyi.hk/product/womens-jersey-15/index.html]
[dongyi.hk/product/womens-jersey-13/index.html]
[dongyi.hk/product/womens-jersey-16/index.html]
[dongyi.hk/wp-content/themes/dsl-global/assets/images/management/md.jpg]
[dongyi.hk/product/womens-jersey-17/index.html]
[dongyi.hk/product/womens-jersey-18/index.html]
[dongyi.hk/product/womens-jersey-19/index.html]
[dongyi.hk/product/womens-jersey-2-2/index.html]
[dongyi.hk/product/womens-jersey-2/index.html]
[dongyi.hk/product/womens-jersey-20/index.html]
[dongyi.hk/wp-json/wp/v2/pages/391.json]
[dongyi.hk/product-category/womens-fashion/womens-woven-bottoms/feed/index.html]
[dongyi.hk/product/womens-jersey-21/index.html]
[dongyi.hk/wp-json/oembed/1.0/embedc990.json]
[dongyi.hk/wp-json/oembed/1.0/embed299b]
[dongyi.hk/wp-content/uploads/2022/11/message-bg.png]
[dongyi.hk/md-message/index.html]
[dongyi.hk/wp-json/wp/v2/posts/1621.json]
[dongyi.hk/wp-json/oembed/1.0/embedea84.json]
[dongyi.hk/wp-json/oembed/1.0/embeddfd7]
[dongyi.hk/wp-content/uploads/2023/07/663d2bd0-1ce1-4b31-ace9-aeb33511eb01.jpg]
[dongyi.hk/wp-content/uploads/2023/07/908bf69a-4c49-4999-8fd6-5d9e2fb5fcfb.jpg]
[dongyi.hk/dsls-target-of-achieving-100-billion-in-exports-by-2030/index.html]
[dongyi.hk/wp-json/wp/v2/categories/37.json]
[dongyi.hk/category/feature/index.html]
[dongyi.hk/category/feature/feed/index.html]
[dongyi.hk/wp-json/wp/v2/categories/35.json]
[dongyi.hk/category/news/index.html]
[dongyi.hk/category/news/feed/index.html]
[dongyi.hk/wp-json/wp/v2/posts/1602.json]
[dongyi.hk/wp-json/oembed/1.0/embed6a1d.json]
[dongyi.hk/wp-json/oembed/1.0/embed4675]
[dongyi.hk/wp-content/uploads/2023/07/DSC07320-1024x769.jpg]
[dongyi.hk/wp-content/uploads/2023/07/asas-1024x429.jpg]
[dongyi.hk/dsl-provided-financial-support-and-education-scholarship-to-the-family-of-former-employee-latifur-rahman-ripon/index.html]
[dongyi.hk/wp-json/wp/v2/posts/305.json]
[dongyi.hk/wp-json/oembed/1.0/embed41db.json]
[dongyi.hk/wp-json/oembed/1.0/embed47df]
[dongyi.hk/wp-content/uploads/2022/11/Green-Blue-Gradient-Creative-Digital-Marketing-LinkedIn-Article-Cover-Image-2-1024x307.jpg]
[dongyi.hk/wp-content/uploads/2022/11/dsl-2-1024x819.jpg]
[dongyi.hk/wp-content/uploads/2022/11/product-header-1-1024x333.png]
[dongyi.hk/best-buying-house-in-bangladesh/index.html]
[dongyi.hk/wp-json/wp/v2/categories/38.json]
[dongyi.hk/category/random/index.html]
[dongyi.hk/category/random/feed/index.html]
[dongyi.hk/wp-json/wp/v2/posts/1479.json]
[dongyi.hk/wp-json/oembed/1.0/embed31ee.json]
[dongyi.hk/wp-json/oembed/1.0/embed68d1]
[dongyi.hk/wp-content/uploads/2023/01/Untitled-1920-×-2000-px-1024x625.jpg]
[dongyi.hk/csr-activity-performed-by-dongyi-sourcing-limited-dsl-blog/index.html]
[dongyi.hk/wp-json/wp/v2/posts/1451.json]
[dongyi.hk/wp-json/oembed/1.0/embedf209.json]
[dongyi.hk/wp-json/oembed/1.0/embedb355]
[dongyi.hk/wp-content/uploads/2022/12/pexels-sevenstorm-juhaszimrus-443383-1024x391.jpg]
[dongyi.hk/wp-content/uploads/2022/12/12178791_4934573-1024x683.jpg]
[dongyi.hk/dongyi-sourcing-limited-dsl/index.html]
[dongyi.hk/wp-json/wp/v2/posts/1441.json]
[dongyi.hk/wp-json/oembed/1.0/embed2ddf.json]
[dongyi.hk/wp-json/oembed/1.0/embed297b]
[dongyi.hk/wp-content/uploads/2022/12/Yellow-Black-and-White-News-Business-LinkedIn-Post-1024x1024.jpg]
[dongyi.hk/wp-content/uploads/2022/12/aerial-view-container-cargo-ship-sea-1024x682.jpg]
[dongyi.hk/bgmea-president-meeting-dsl-blog/index.html]
[dongyi.hk/wp-content/uploads/2022/11/office_636260f2b53856.078584611667391730.png]
[dongyi.hk/wp-content/uploads/elementor/css/post-117327a8.css]
[dongyi.hk/wp-json/wp/v2/pages/1173.json]
[dongyi.hk/wp-json/oembed/1.0/embed0756.json]
[dongyi.hk/wp-json/oembed/1.0/embed63fb]
[dongyi.hk/wp-content/uploads/2022/11/United-Kingdom.png]
[dongyi.hk/wp-content/uploads/2022/11/Hong-Kong.png]
[dongyi.hk/wp-content/uploads/2022/11/China.png]
[dongyi.hk/wp-content/uploads/2022/11/india.jpg]
[dongyi.hk/wp-content/uploads/2024/08/Flag_of_Canada_Pantone.svg.webp]
[dongyi.hk/our-offices/index.html]
[dongyi.hk/wp-content/uploads/elementor/css/post-7137488.css]
[dongyi.hk/wp-json/wp/v2/pages/713.json]
[dongyi.hk/wp-json/oembed/1.0/embed79f2.json]
[dongyi.hk/wp-json/oembed/1.0/embed0a7c]
[dongyi.hk/wp-content/plugins/elementor-pro/assets/css/widget-nav-menu.min.css]
[dongyi.hk/wp-content/uploads/2022/11/January22.jpg]
[dongyi.hk/wp-content/uploads/2022/11/february22-scaled.jpg]
[dongyi.hk/wp-content/uploads/2022/11/april22.jpg]
[dongyi.hk/wp-content/uploads/2022/11/may22-scaled.jpg]
[dongyi.hk/wp-content/uploads/2022/11/june22-scaled.jpg]
[dongyi.hk/wp-content/uploads/2022/11/july22-scaled.jpg]
[dongyi.hk/wp-content/uploads/2022/11/august22-scaled.jpg]
[dongyi.hk/wp-content/uploads/2022/11/september2022.jpg]
[dongyi.hk/wp-content/uploads/2022/11/october2022.jpg]
[dongyi.hk/wp-content/plugins/elementor/assets/lib/e-gallery/css/e-gallery.min7359.css]
[dongyi.hk/wp-content/plugins/elementor/assets/lib/e-gallery/js/e-gallery.min7359.js]
[dongyi.hk/gallery/index.html]
[dongyi.hk/wp-content/plugins/revslider/public/assets/fonts/pe-icon-7-stroke/fonts/Pe-icon-7-strokebb1d.eot]
[dongyi.hk/wp-content/plugins/revslider/public/assets/fonts/pe-icon-7-stroke/fonts/Pe-icon-7-stroked41d.eot]
[dongyi.hk/wp-content/plugins/revslider/public/assets/fonts/pe-icon-7-stroke/fonts/Pe-icon-7-strokebb1d.woff]
[dongyi.hk/wp-content/plugins/revslider/public/assets/fonts/pe-icon-7-stroke/fonts/Pe-icon-7-strokebb1d.ttf]
[dongyi.hk/wp-content/plugins/revslider/public/assets/fonts/pe-icon-7-stroke/css/pe-icon-7-stroke.css]
[dongyi.hk/wp-content/plugins/revslider/public/assets/fonts/pe-icon-7-stroke/fonts/Pe-icon-7-strokebb1d.svg]
[dongyi.hk/wp-content/plugins/agile-store-locator/public/css/icons/fontellob2a0.eot]
[dongyi.hk/wp-content/plugins/agile-store-locator/public/css/icons/fontellob2a0.woff2]
[dongyi.hk/wp-content/plugins/agile-store-locator/public/css/icons/fontellob2a0.woff]
[dongyi.hk/wp-content/plugins/agile-store-locator/public/css/icons/fontellob2a0.ttf]
[dongyi.hk/wp-content/plugins/agile-store-locator/public/css/icons/fontellob2a0.svg]
[dongyi.hk/wp-content/plugins/agile-store-locator/public/css/icons/fontelloc8f9.css]
[dongyi.hk/wp-content/plugins/agile-store-locator/public/css/sl-bootstrapc8f9.css]
[dongyi.hk/wp-content/plugins/agile-store-locator/public/css/images/google-maps.png]
[dongyi.hk/wp-content/plugins/agile-store-locator/public/img/whatsapp.png]
[dongyi.hk/wp-content/plugins/agile-store-locator/public/css/images/shape-icon.png]
[dongyi.hk/wp-content/plugins/agile-store-locator/public/css/tmpl-0/tmpl-0c8f9.css]
[dongyi.hk/wp-content/plugins/elementor/assets/lib/animations/animations.mina44d.css]
[dongyi.hk/wp-content/plugins/revslider/public/assets/fonts/revicons/revicons90c6.eot]
[dongyi.hk/wp-content/plugins/revslider/public/assets/fonts/revicons/revicons90c6.woff]
[dongyi.hk/wp-content/plugins/revslider/public/assets/fonts/revicons/revicons90c6.ttf]
[dongyi.hk/wp-content/plugins/revslider/public/assets/fonts/revicons/revicons90c6.svg]
[dongyi.hk/wp-content/plugins/revslider/public/assets/css/openhand.cur]
[dongyi.hk/wp-content/plugins/revslider/public/assets/css/closedhand.cur]
[dongyi.hk/wp-content/plugins/revslider/public/assets/assets/gridtile.png]
[dongyi.hk/wp-content/plugins/revslider/public/assets/assets/gridtile_white.png]
[dongyi.hk/wp-content/plugins/revslider/public/assets/assets/gridtile_3x3.png]
[dongyi.hk/wp-content/plugins/revslider/public/assets/assets/gridtile_3x3_white.png]
[dongyi.hk/wp-content/plugins/revslider/public/assets/assets/coloredbg.png]
[dongyi.hk/wp-content/plugins/revslider/public/assets/assets/loader.gif]
[dongyi.hk/wp-content/plugins/revslider/public/assets/css/rs64261.css]
[dongyi.hk/wp-content/plugins/woocommerce/assets/fonts/star.svg]
[dongyi.hk/wp-content/plugins/woocommerce/assets/fonts/WooCommerce.svg]
[dongyi.hk/wp-content/plugins/woocommerce/assets/images/icons/loader.svg]
[dongyi.hk/wp-content/plugins/woocommerce/assets/images/icons/credit-cards/visa.svg]
[dongyi.hk/wp-content/plugins/woocommerce/assets/images/icons/credit-cards/mastercard.svg]
[dongyi.hk/wp-content/plugins/woocommerce/assets/images/icons/credit-cards/laser.svg]
[dongyi.hk/wp-content/plugins/woocommerce/assets/images/icons/credit-cards/diners.svg]
[dongyi.hk/wp-content/plugins/woocommerce/assets/images/icons/credit-cards/maestro.svg]
[dongyi.hk/wp-content/plugins/woocommerce/assets/images/icons/credit-cards/jcb.svg]
[dongyi.hk/wp-content/plugins/woocommerce/assets/images/icons/credit-cards/amex.svg]
[dongyi.hk/wp-content/plugins/woocommerce/assets/images/icons/credit-cards/discover.svg]
[dongyi.hk/wp-content/plugins/wp-job-openings/assets/fonts/awsm-jobs-icomoon062a.svg]
[dongyi.hk/wp-content/plugins/wp-job-openings/assets/img/loading.svg]
[dongyi.hk/wp-content/plugins/wp-store-locator/font/fontello8040.svg]
[dongyi.hk/wp-content/themes/dsl-global/assets/webfonts/fa-brands-400.html]
[dongyi.hk/wp-content/themes/dsl-global/assets/webfonts/fa-brands-400d41d.html]
[dongyi.hk/wp-content/themes/dsl-global/assets/webfonts/fa-brands-401.html]
[dongyi.hk/wp-content/themes/dsl-global/assets/webfonts/fa-brands-402.html]
[dongyi.hk/wp-content/themes/dsl-global/assets/webfonts/fa-brands-403.html]
[dongyi.hk/wp-content/themes/dsl-global/assets/webfonts/fa-brands-404.html]
[dongyi.hk/wp-content/themes/dsl-global/assets/webfonts/fa-regular-400.html]
[dongyi.hk/wp-content/themes/dsl-global/assets/webfonts/fa-regular-400d41d.html]
[dongyi.hk/wp-content/themes/dsl-global/assets/webfonts/fa-regular-401.html]
[dongyi.hk/wp-content/themes/dsl-global/assets/webfonts/fa-regular-402.html]
[dongyi.hk/wp-content/themes/dsl-global/assets/webfonts/fa-regular-403.html]
[dongyi.hk/wp-content/themes/dsl-global/assets/webfonts/fa-regular-404.html]
[dongyi.hk/wp-content/themes/dsl-global/assets/webfonts/fa-solid-900.html]
[dongyi.hk/wp-content/themes/dsl-global/assets/webfonts/fa-solid-900d41d.html]
[dongyi.hk/wp-content/themes/dsl-global/assets/webfonts/fa-solid-901.html]
[dongyi.hk/wp-content/themes/dsl-global/assets/webfonts/fa-solid-902.html]
[dongyi.hk/wp-content/themes/dsl-global/assets/webfonts/fa-solid-903.html]
[dongyi.hk/wp-content/themes/dsl-global/assets/webfonts/fa-solid-904.html]
[dongyi.hk/wp-content/themes/dsl-global/assets/css/owl.video.play.html]
[cdnjs.cloudflare.com/ajax/libs/slick-carousel/1.6.0/fonts/slick.svg]
[dongyi.hk/wp-content/themes/dsl-global/assets/font/Helvetica/Helvetica.html]
[dongyi.hk/wp-content/themes/dsl-global/assets/font/Helvetica/Helvetica-Bold.html]
[dongyi.hk/wp-content/themes/dsl-global/assets/font/Constantia/Constantia.html]
[dongyi.hk/wp-content/themes/dsl-global/assets/font/ArialMdm.html]
[dongyi.hk/wp-content/themes/dsl-global/assets/font/abhaya-libre.medium.html]
[dongyi.hk/wp-content/themes/dsl-global/assets/images/bg.html]
[dongyi.hk/wp-content/themes/dsl-global/assets/images/pattern.html]
[dongyi.hk/wp-content/themes/dsl-global/assets/images/bg1.html]
[dongyi.hk/wp-content/themes/dsl-global/assets/images/bg2.html]
[dongyi.hk/wp-content/themes/dsl-global/assets/images/pattern1.html]
[dongyi.hk/wp-content/themes/dsl-global/assets/images/bg4.html]
[dongyi.hk/wp-content/plugins/elementor/assets/lib/eicons/fonts/eiconsb732.svg]
[dongyi.hk/xhr.html]
[dongyi.hk/GET.html]
[dongyi.hk/lib/widget-management.html]
[dongyi.hk/index0945.html]
[dongyi.hk/wp-content/uploads/elementor/css/post-4346ba0.css]
[dongyi.hk/index5442.html]
[dongyi.hk/wp-content/uploads/elementor/css/post-3705fb2.css]
[dongyi.hk/index12d0.html]
[dongyi.hk/wp-json/wp/v2/posts/1503.json]
[dongyi.hk/wp-json/oembed/1.0/embed5fed.json]
[dongyi.hk/wp-json/oembed/1.0/embed9922]
[dongyi.hk/wp-content/uploads/2023/01/DSL-3rd-1024x683-1.jpg]
[dongyi.hk/wp-content/uploads/2023/01/DSC04164-1024x662.jpg]
[dongyi.hk/wp-content/uploads/2023/01/DSC04289-1024x683.jpg]
[dongyi.hk/wp-content/uploads/2023/01/DSC04195-1024x656.jpg]
[dongyi.hk/dsl-3rd-anniversary-celebration-dsl-blog/index.html]
[dongyi.hk/wp-json/wp/v2/posts/1349.json]
[dongyi.hk/wp-json/oembed/1.0/embed6ca3.json]
[dongyi.hk/wp-json/oembed/1.0/embedfb19]
[dongyi.hk/wp-content/uploads/2022/12/BGMEA-demands-to-implement-source-tax-at-the-prior-0.5-rate.-1024x858.jpg]
[dongyi.hk/bgmea-demands-to-implement-source-tax-dsl-blog/index.html]
[dongyi.hk/wp-json/wp/v2/posts/1158.json]
[dongyi.hk/wp-json/oembed/1.0/embed487e.json]
[dongyi.hk/wp-json/oembed/1.0/embed6ed9]
[dongyi.hk/wp-content/uploads/2022/11/Blue-Modern-Breaking-News-Instagram-Post-6-1.jpg]
[dongyi.hk/rmg-exports-increase-dsl-blog/index.html]
[dongyi.hk/wp-json/wp/v2/posts/1114.json]
[dongyi.hk/wp-json/oembed/1.0/embed35a9.json]
[dongyi.hk/wp-json/oembed/1.0/embedf9d1]
[dongyi.hk/wp-content/uploads/2022/11/Lets-Grow-2.jpg]
[dongyi.hk/knitwear-continues-dominance-in-export-dsl-blog/index.html]
[dongyi.hk/wp-json/wp/v2/posts/946.json]
[dongyi.hk/wp-json/oembed/1.0/embedd705.json]
[dongyi.hk/wp-json/oembed/1.0/embed3547]
[dongyi.hk/wp-content/uploads/2022/11/Content-Creator-Micro-Influencer-Pinterest-Pin-683x1024.jpg]
[dongyi.hk/buying-house-role-in-rmg-sector-of-bangladesh/index.html]
[dongyi.hk/category/events/feed/index.html]
[dongyi.hk/wp-json/wp/v2/categories/36.json]
[dongyi.hk/category/events/index.html]
[dongyi.hk/wp-json/wp/v2/categories/1.json]
[dongyi.hk/category/uncategorized/index.html]
[dongyi.hk/category/uncategorized/feed/index.html]
[dongyi.hk/wp-content/uploads/2022/11/146254786_261654578650209_527073178163161597_n.jpg]
[dongyi.hk/wp-json/wp/v2/posts/291.json]
[dongyi.hk/wp-json/oembed/1.0/embed41fa.json]
[dongyi.hk/wp-json/oembed/1.0/embed59a0]
[dongyi.hk/wp-content/uploads/2022/11/Dongyi-Sourcing-Limited.mp4]
[dongyi.hk/dsl-targets-100-mn-revenue-by-2025/index.html]
[dongyi.hk/wp-content/uploads/elementor/css/post-403a24d.css]
[dongyi.hk/wp-content/plugins/elementor/assets/lib/font-awesome/css/fontawesome.min52d5.css]
[dongyi.hk/wp-content/plugins/elementor/assets/lib/font-awesome/webfonts/fa-regular-400.eot]
[dongyi.hk/wp-content/plugins/elementor/assets/lib/font-awesome/webfonts/fa-regular-400d41d.eot]
[dongyi.hk/wp-content/plugins/elementor/assets/lib/font-awesome/webfonts/fa-regular-400.woff2]
[dongyi.hk/wp-content/plugins/elementor/assets/lib/font-awesome/webfonts/fa-regular-400.woff]
[dongyi.hk/wp-content/plugins/elementor/assets/lib/font-awesome/webfonts/fa-regular-400.ttf]
[dongyi.hk/wp-content/plugins/elementor/assets/lib/font-awesome/css/regular.min52d5.css]
[dongyi.hk/wp-content/plugins/elementor/assets/lib/font-awesome/webfonts/fa-regular-400.svg]
[dongyi.hk/index23ea.html]
[dongyi.hk/wp-content/plugins/elementor-pro/assets/css/widget-animated-headline.min.css]
[dongyi.hk/wp-content/uploads/elementor/css/post-615f8b9.css]
[dongyi.hk/index2f7a.html]
[dongyi.hk/wp-content/plugins/elementor-pro/assets/css/widget-call-to-action.min.css]
[dongyi.hk/wp-content/uploads/elementor/css/post-2104399c.css]
[dongyi.hk/wp-json/wp/v2/pages/2104.json]
[dongyi.hk/wp-json/oembed/1.0/embed0b50.json]
[dongyi.hk/join-us/merchandise-manager-woven1/index.html]
[dongyi.hk/wp-json/oembed/1.0/embeda380]
[dongyi.hk/wp-content/uploads/elementor/css/post-20617c10.css]
[dongyi.hk/wp-json/wp/v2/pages/2061.json]
[dongyi.hk/wp-json/oembed/1.0/embed559a.json]
[dongyi.hk/join-us/merchandise-manager-jersey/index.html]
[dongyi.hk/wp-json/oembed/1.0/embedd176]
[dongyi.hk/wp-content/uploads/elementor/css/post-2117f821.css]
[dongyi.hk/wp-json/wp/v2/pages/2117.json]
[dongyi.hk/wp-json/oembed/1.0/embed7067.json]
[dongyi.hk/join-us/merchandiser-woven-denim1/index.html]
[dongyi.hk/wp-json/oembed/1.0/embedd360]
[dongyi.hk/wp-json/wp/v2/pages/2110.json]
[dongyi.hk/wp-json/oembed/1.0/embed6f38.json]
[dongyi.hk/join-us/merchandiser-jersey/index.html]
[dongyi.hk/wp-json/oembed/1.0/embed7974]
[dongyi.hk/wp-content/uploads/elementor/css/post-2123d06d.css]
[dongyi.hk/wp-json/wp/v2/pages/2123.json]
[dongyi.hk/wp-json/oembed/1.0/embed6b86.json]
[dongyi.hk/join-us/product-development-manager-jersey/index.html]
[dongyi.hk/wp-json/oembed/1.0/embedce8c]
[dongyi.hk/wp-content/uploads/elementor/css/post-21318712.css]
[dongyi.hk/wp-json/wp/v2/pages/2131.json]
[dongyi.hk/wp-json/oembed/1.0/embed997e.json]
[dongyi.hk/join-us/product-developer-jersey/index.html]
[dongyi.hk/wp-json/oembed/1.0/embed516b]
[dongyi.hk/wp-content/uploads/elementor/css/post-214015ee.css]
[dongyi.hk/wp-json/wp/v2/pages/2140.json]
[dongyi.hk/wp-json/oembed/1.0/embedf804.json]
[dongyi.hk/wp-json/oembed/1.0/embed2a9e]
[dongyi.hk/join-us/product-developer-denim/index.html]
[dongyi.hk/wp-content/uploads/elementor/css/post-2147017f.css]
[dongyi.hk/wp-json/wp/v2/pages/2147.json]
[dongyi.hk/wp-json/oembed/1.0/embed3155.json]
[dongyi.hk/join-us/product-developer-sweater/index.html]
[dongyi.hk/wp-json/oembed/1.0/embed2b1f]
[dongyi.hk/wp-content/uploads/elementor/css/post-21538f73.css]
[dongyi.hk/wp-json/wp/v2/pages/2153.json]
[dongyi.hk/wp-json/oembed/1.0/embed818d.json]
[dongyi.hk/join-us/fabric-developer-jersey/index.html]
[dongyi.hk/wp-json/oembed/1.0/embed40ad]
[dongyi.hk/wp-content/uploads/elementor/css/post-2158163f.css]
[dongyi.hk/wp-json/wp/v2/pages/2158.json]
[dongyi.hk/wp-json/oembed/1.0/embed7fae.json]
[dongyi.hk/join-us/designer-jersey/index.html]
[dongyi.hk/wp-json/oembed/1.0/embedbf04]
[dongyi.hk/wp-content/uploads/elementor/css/post-2163c62b.css]
[dongyi.hk/wp-json/wp/v2/pages/2163.json]
[dongyi.hk/wp-json/oembed/1.0/embed01dd.json]
[dongyi.hk/wp-json/oembed/1.0/embedf957]
[dongyi.hk/join-us/garment-technologist-jersey/index.html]
[dongyi.hk/wp-content/uploads/elementor/css/post-2168c62b.css]
[dongyi.hk/wp-json/wp/v2/pages/2168.json]
[dongyi.hk/wp-json/oembed/1.0/embed6304.json]
[dongyi.hk/join-us/development-merchandiser-sweater/index.html]
[dongyi.hk/wp-json/oembed/1.0/embed50c8]
[dongyi.hk/product-category/kids-fashion/feed/index.html]
[dongyi.hk/wp-json/wp/v2/product_cat/55.json]
[dongyi.hk/wp-content/uploads/2022/11/20160128165505554-300x300.jpg]
[dongyi.hk/wp-content/uploads/2022/11/20160128165505154-1-300x300.jpg]
[dongyi.hk/product/1/index.html]
[dongyi.hk/wp-content/uploads/2022/11/20160128165505238-300x300.jpg]
[dongyi.hk/wp-content/uploads/2022/11/20160128165745518-1-300x300.jpg]
[dongyi.hk/product/2/index.html]
[dongyi.hk/wp-content/uploads/2022/11/20160128165745368-1-300x300.jpg]
[dongyi.hk/product/3/index.html]
[dongyi.hk/wp-content/uploads/2022/11/20160128165745885-1-1-300x300.jpg]
[dongyi.hk/wp-content/uploads/2022/11/20160128165745680-1-1-300x300.jpg]
[dongyi.hk/product/kidswear-2/index.html]
[dongyi.hk/product/kidswear/index.html]
[dongyi.hk/wp-content/uploads/2022/11/20160128165505383-1-1-300x300.jpg]
[dongyi.hk/product/kidswear-3/index.html]
[dongyi.hk/wp-content/uploads/2022/11/20160128165505344-1-300x300.jpg]
[dongyi.hk/wp-content/uploads/2022/11/20160128165745331-1-300x300.jpg]
[dongyi.hk/product/kidswear-4/index.html]
[dongyi.hk/product/kidswear-5/index.html]
[dongyi.hk/wp-content/uploads/2022/11/20160128165505902-1-300x300.jpg]
[dongyi.hk/product/kidswear-6/index.html]
[dongyi.hk/product/kidswear-7/index.html]
[dongyi.hk/wp-content/uploads/2022/11/20160128165745674-1-300x300.jpg]
[dongyi.hk/product-category/kids-fashion/index.html]
[dongyi.hk/product/kidswear-8/index.html]
[dongyi.hk/wp-content/uploads/2022/11/river-island-relaxed-slim-balance-jeans-light-blue.jpg]
[dongyi.hk/product/kidswear-9/index.html]
[dongyi.hk/wp-content/plugins/woocommerce/assets/css/photoswipe/photoswipe.min9b80.css]
[dongyi.hk/wp-content/plugins/woocommerce/assets/css/photoswipe/default-skin/default-skin.min9b80.css]
[dongyi.hk/wp-content/plugins/woocommerce/assets/js/zoom/jquery.zoom.min9a30.js]
[dongyi.hk/wp-content/plugins/woocommerce/assets/js/flexslider/jquery.flexslider.min3a0a.js]
[dongyi.hk/wp-content/plugins/woocommerce/assets/js/photoswipe/photoswipe.min7449.js]
[dongyi.hk/wp-content/plugins/woocommerce/assets/js/photoswipe/photoswipe-ui-default.min7449.js]
[dongyi.hk/wp-content/plugins/woocommerce/assets/js/frontend/single-product.min9b80.js]
[dongyi.hk/wp-json/wp/v2/product/1116.json]
[dongyi.hk/wp-json/oembed/1.0/embed677c.json]
[dongyi.hk/product/mens-denim/index.html]
[dongyi.hk/wp-json/oembed/1.0/embed3fa6]
[dongyi.hk/wp-content/uploads/2022/11/very-man-straight-black-raw-jean-with-stretch-black.jpg]
[dongyi.hk/wp-json/wp/v2/product/1120.json]
[dongyi.hk/wp-json/oembed/1.0/embeded54.json]
[dongyi.hk/product/mens-denim-2/index.html]
[dongyi.hk/wp-json/oembed/1.0/embedbfd2]
[dongyi.hk/wp-content/uploads/2022/11/M70567s-scaled-1.webp]
[dongyi.hk/wp-json/wp/v2/product/856.json]
[dongyi.hk/wp-json/oembed/1.0/embed53a6.json]
[dongyi.hk/wp-json/oembed/1.0/embeda854]
[dongyi.hk/wp-content/uploads/2022/11/M70567s-scaled-1-600x900.webp]
[dongyi.hk/wp-content/uploads/2022/11/womens-denim-3-300x300.jpg]
[dongyi.hk/product/womens-denim-8/index.html]
[dongyi.hk/wp-content/uploads/2022/11/426053s7-scaled-1.jpg]
[dongyi.hk/product/womens-denim-3/index.html]
[dongyi.hk/wp-json/wp/v2/product/841.json]
[dongyi.hk/wp-json/oembed/1.0/embedbe31.json]
[dongyi.hk/wp-json/oembed/1.0/embed93fb]
[dongyi.hk/wp-content/uploads/2022/11/426053s7-scaled-1-600x900.jpg]
[dongyi.hk/wp-content/uploads/2022/11/womens-denim-3-300x300.webp]
[dongyi.hk/product/blue-long-shirt/index.html]
[dongyi.hk/wp-content/uploads/2022/11/222330s5-scaled-1.webp]
[dongyi.hk/product/womens-denim-3-2/index.html]
[dongyi.hk/wp-json/wp/v2/product/833.json]
[dongyi.hk/wp-json/oembed/1.0/embedf74f.json]
[dongyi.hk/wp-json/oembed/1.0/embed4675-2]
[dongyi.hk/wp-content/uploads/2022/11/222330s5-scaled-1-600x900.webp]
[dongyi.hk/wp-content/uploads/2022/11/womens-denim-6-300x300.webp]
[dongyi.hk/wp-content/uploads/2022/11/womens-denim-5-300x300.webp]
[dongyi.hk/product/dark-blue-long-shirt/index.html]
[dongyi.hk/wp-content/uploads/2022/11/A47088s5-scaled-1.webp]
[dongyi.hk/product/womens-denim-6-2/index.html]
[dongyi.hk/product/womens-denim-5-2/index.html]
[dongyi.hk/wp-json/wp/v2/product/844.json]
[dongyi.hk/wp-json/oembed/1.0/embedac96.json]
[dongyi.hk/wp-json/oembed/1.0/embed1fb4]
[dongyi.hk/wp-content/uploads/2022/11/A47088s5-scaled-1-600x900.webp]
[dongyi.hk/product/skinny-jeans/index.html]
[dongyi.hk/wp-content/uploads/2022/11/237907s8-scaled-1.webp]
[dongyi.hk/wp-json/wp/v2/product/838.json]
[dongyi.hk/wp-json/oembed/1.0/embed5b35.json]
[dongyi.hk/wp-json/oembed/1.0/embed77df]
[dongyi.hk/wp-content/uploads/2022/11/237907s8-scaled-1-600x900.webp]
[dongyi.hk/wp-content/uploads/2022/11/womens-denim-2-300x300.jpg]
[dongyi.hk/product/white-long-shirt/index.html]
[dongyi.hk/wp-content/uploads/2022/11/M14370s5-scaled-1.jpg]
[dongyi.hk/product/womens-denim-2/index.html]
[dongyi.hk/wp-json/wp/v2/product/868.json]
[dongyi.hk/wp-json/oembed/1.0/embedf1f4.json]
[dongyi.hk/wp-json/oembed/1.0/embed63a1]
[dongyi.hk/wp-content/uploads/2022/11/M14370s5-scaled-1-600x900.jpg]
[dongyi.hk/product/womens-denim-12/index.html]
[dongyi.hk/wp-content/uploads/2022/11/A47324s2-scaled-1.jpg]
[dongyi.hk/wp-json/wp/v2/product/886.json]
[dongyi.hk/wp-json/oembed/1.0/embede10b.json]
[dongyi.hk/wp-json/oembed/1.0/embedab66]
[dongyi.hk/wp-content/uploads/2022/11/A47324s2-scaled-1-600x900.jpg]
[dongyi.hk/product/womens-denim-18/index.html]
[dongyi.hk/wp-content/uploads/2022/11/A47354s5-scaled-1.jpg]
[dongyi.hk/wp-json/wp/v2/product/883.json]
[dongyi.hk/wp-json/oembed/1.0/embed378c.json]
[dongyi.hk/wp-json/oembed/1.0/embeda337]
[dongyi.hk/wp-content/uploads/2022/11/A47354s5-scaled-1-600x900.jpg]
[dongyi.hk/product/womens-denim-17/index.html]
[dongyi.hk/wp-content/uploads/2022/11/A47352s4-scaled-1.jpg]
[dongyi.hk/wp-json/wp/v2/product/880.json]
[dongyi.hk/wp-json/oembed/1.0/embed59fb.json]
[dongyi.hk/wp-json/oembed/1.0/embed049d]
[dongyi.hk/wp-content/uploads/2022/11/A47352s4-scaled-1-600x900.jpg]
[dongyi.hk/product/womens-denim-16/index.html]
[dongyi.hk/wp-content/uploads/2022/11/M04819s5-scaled-1.webp]
[dongyi.hk/wp-json/wp/v2/product/874.json]
[dongyi.hk/wp-json/oembed/1.0/embedfda8.json]
[dongyi.hk/wp-json/oembed/1.0/embede1c6]
[dongyi.hk/wp-content/uploads/2022/11/M04819s5-scaled-1-600x900.webp]
[dongyi.hk/product/womens-denim-14/index.html]
[dongyi.hk/wp-content/uploads/2022/11/M04820s6-scaled-1.webp]
[dongyi.hk/wp-json/wp/v2/product/871.json]
[dongyi.hk/wp-json/oembed/1.0/embed0b92.json]
[dongyi.hk/wp-json/oembed/1.0/embeddd6a]
[dongyi.hk/product/womens-denim-13/index.html]
[dongyi.hk/wp-content/uploads/2022/11/M04820s6-scaled-1-600x900.webp]
[dongyi.hk/wp-content/uploads/2022/11/M58881s9-scaled-1.jpg]
[dongyi.hk/wp-json/wp/v2/product/865.json]
[dongyi.hk/wp-json/oembed/1.0/embed143d.json]
[dongyi.hk/wp-json/oembed/1.0/embedb5c1]
[dongyi.hk/wp-content/uploads/2022/11/M58881s9-scaled-1-600x900.jpg]
[dongyi.hk/product/womens-denim-11/index.html]
[dongyi.hk/wp-content/uploads/2022/11/T21-544s4-scaled-1.webp]
[dongyi.hk/wp-json/wp/v2/product/862.json]
[dongyi.hk/wp-json/oembed/1.0/embeded8c.json]
[dongyi.hk/wp-json/oembed/1.0/embed8d6d]
[dongyi.hk/wp-content/uploads/2022/11/T21-544s4-scaled-1-600x900.webp]
[dongyi.hk/product/womens-denim-10/index.html]
[dongyi.hk/wp-content/uploads/2022/11/T20236s6-scaled-1.jpg]
[dongyi.hk/wp-json/wp/v2/product/859.json]
[dongyi.hk/wp-json/oembed/1.0/embed3c11.json]
[dongyi.hk/wp-json/oembed/1.0/embed9cbd]
[dongyi.hk/wp-content/uploads/2022/11/T20236s6-scaled-1-600x900.jpg]
[dongyi.hk/product/womens-denim-9/index.html]
[dongyi.hk/wp-content/uploads/2022/11/A47319s2-scaled-1.jpg]
[dongyi.hk/wp-json/wp/v2/product/853.json]
[dongyi.hk/wp-json/oembed/1.0/embedb50d.json]
[dongyi.hk/wp-json/oembed/1.0/embedd28b]
[dongyi.hk/wp-content/uploads/2022/11/A47319s2-scaled-1-600x900.jpg]
[dongyi.hk/wp-content/uploads/2022/11/A65521s-scaled-1-300x300.webp]
[dongyi.hk/product/womens-denim-7/index.html]
[dongyi.hk/wp-content/uploads/2022/11/A47311s6-scaled-1.jpg]
[dongyi.hk/product/womens-denim-5/index.html]
[dongyi.hk/wp-json/wp/v2/product/850.json]
[dongyi.hk/wp-json/oembed/1.0/embed379a.json]
[dongyi.hk/wp-json/oembed/1.0/embed8a6c]
[dongyi.hk/wp-content/uploads/2022/11/A47311s6-scaled-1-600x900.jpg]
[dongyi.hk/product/womens-denim-6/index.html]
[dongyi.hk/wp-content/uploads/2022/11/A00279s2-scaled-1.jpg]
[dongyi.hk/wp-json/wp/v2/product/897.json]
[dongyi.hk/wp-json/oembed/1.0/embedb65b.json]
[dongyi.hk/wp-json/oembed/1.0/embedeeb3]
[dongyi.hk/wp-content/uploads/2022/11/A00279s2-scaled-1-600x900.jpg]
[dongyi.hk/product/womens-knitwear/index.html]
[dongyi.hk/wp-content/uploads/2022/11/A00369s2-scaled-1.jpg]
[dongyi.hk/wp-json/wp/v2/product/906.json]
[dongyi.hk/wp-json/oembed/1.0/embedef35.json]
[dongyi.hk/wp-json/oembed/1.0/embede57d]
[dongyi.hk/wp-content/uploads/2022/11/A00369s2-scaled-1-600x900.jpg]
[dongyi.hk/product/womens-knitwear-2/index.html]
[dongyi.hk/wp-content/uploads/2022/11/T22727s2-scaled-1.jpg]
[dongyi.hk/wp-json/oembed/1.0/embeda08a.json]
[dongyi.hk/wp-json/oembed/1.0/embeda271]
[dongyi.hk/wp-content/uploads/2022/11/T22727s2-scaled-1-600x900.jpg]
[dongyi.hk/product/womens-knitwear-3/index.html]
[dongyi.hk/wp-content/uploads/2022/11/WOMENS-KNITWEAR-1.webp]
[dongyi.hk/wp-json/wp/v2/product/1022.json]
[dongyi.hk/wp-json/oembed/1.0/embed19ae.json]
[dongyi.hk/wp-json/oembed/1.0/embed2a7c]
[dongyi.hk/wp-content/uploads/2022/11/WOMENS-KNITWEAR-1-600x900.webp]
[dongyi.hk/product/womens-knitwear-1/index.html]
[dongyi.hk/wp-content/uploads/2022/11/WOMENS-KNITWEAR-2.webp]
[dongyi.hk/wp-json/wp/v2/product/1023.json]
[dongyi.hk/wp-json/oembed/1.0/embede496.json]
[dongyi.hk/wp-json/oembed/1.0/embedbe64]
[dongyi.hk/wp-content/uploads/2022/11/WOMENS-KNITWEAR-2-600x900.webp]
[dongyi.hk/product/womens-knitwear-2-2/index.html]
[dongyi.hk/wp-content/uploads/2022/11/WOMENS-KNITWEAR-3.webp]
[dongyi.hk/wp-json/wp/v2/product/1024.json]
[dongyi.hk/wp-json/oembed/1.0/embed56de]
[dongyi.hk/wp-content/uploads/2022/11/WOMENS-KNITWEAR-3-600x900.webp]
[dongyi.hk/product/womens-knitwear-3-2/index.html]
[dongyi.hk/wp-content/uploads/2022/11/WOMENS-JERSEY-1.jpg]
[dongyi.hk/wp-json/wp/v2/product/944.json]
[dongyi.hk/wp-json/oembed/1.0/embed66d3.json]
[dongyi.hk/wp-content/uploads/2022/11/WOMENS-JERSEY-7-300x300.webp]
[dongyi.hk/product/womens-jersey-7/index.html]
[dongyi.hk/wp-content/uploads/2022/11/WOMENS-JERSEY-4-300x300.webp]
[dongyi.hk/wp-content/uploads/2022/11/WOMENS-JERSEY-4-300x300.jpg]
[dongyi.hk/wp-content/uploads/2022/11/WOMENS-JERSEY-8-300x300.webp]
[dongyi.hk/product/womens-jersey/index.html]
[dongyi.hk/wp-content/uploads/2022/11/WOMENS-JERSEY-1.webp]
[dongyi.hk/product/womens-jersey-4-2/index.html]
[dongyi.hk/product/womens-jersey-4/index.html]
[dongyi.hk/product/womens-jersey-8/index.html]
[dongyi.hk/wp-json/wp/v2/product/948.json]
[dongyi.hk/wp-json/oembed/1.0/embedfb5d.json]
[dongyi.hk/wp-json/oembed/1.0/embed8c9f]
[dongyi.hk/wp-content/uploads/2022/11/WOMENS-JERSEY-1-600x900.webp]
[dongyi.hk/product/womens-jersey-1/index.html]
[dongyi.hk/wp-content/uploads/2022/11/WOMENS-JERSEY-10.webp]
[dongyi.hk/wp-json/wp/v2/product/980.json]
[dongyi.hk/wp-json/oembed/1.0/embed5060.json]
[dongyi.hk/wp-json/oembed/1.0/embedf8cf]
[dongyi.hk/wp-content/uploads/2022/11/WOMENS-JERSEY-10-600x900.webp]
[dongyi.hk/product/womens-jersey-10/index.html]
[dongyi.hk/wp-content/uploads/2022/11/WOMENS-JERSEY-11.webp]
[dongyi.hk/wp-json/wp/v2/product/982.json]
[dongyi.hk/wp-json/oembed/1.0/embed3e11.json]
[dongyi.hk/wp-json/oembed/1.0/embed419b]
[dongyi.hk/wp-content/uploads/2022/11/WOMENS-JERSEY-11-600x900.webp]
[dongyi.hk/wp-content/uploads/2022/11/WOMENS-JERSEY-5-300x300.jpg]
[dongyi.hk/product/womens-jersey-11/index.html]
[dongyi.hk/wp-content/uploads/2022/11/WOMENS-JERSEY-12.webp]
[dongyi.hk/product/womens-jersey-5/index.html]
[dongyi.hk/wp-json/wp/v2/product/984.json]
[dongyi.hk/wp-json/oembed/1.0/embed7ef2.json]
[dongyi.hk/wp-json/oembed/1.0/embed0630]
[dongyi.hk/wp-content/uploads/2022/11/WOMENS-JERSEY-12-600x900.webp]
[dongyi.hk/wp-content/uploads/2022/11/WOMENS-JERSEY-9-300x300.webp]
[dongyi.hk/product/womens-jersey-12/index.html]
[dongyi.hk/wp-content/uploads/2022/11/WOMENS-JERSEY-13.webp]
[dongyi.hk/product/womens-jersey-9/index.html]
[dongyi.hk/wp-json/wp/v2/product/987.json]
[dongyi.hk/wp-json/oembed/1.0/embeda13a.json]
[dongyi.hk/wp-json/oembed/1.0/embed141d]
[dongyi.hk/wp-content/uploads/2022/11/WOMENS-JERSEY-13-600x900.webp]
[dongyi.hk/product/womens-jersey-13-2/index.html]
[dongyi.hk/wp-json/wp/v2/product/986.json]
[dongyi.hk/wp-json/oembed/1.0/embedb6b8.json]
[dongyi.hk/wp-json/oembed/1.0/embed5581]
[dongyi.hk/wp-content/uploads/2022/11/WOMENS-JERSEY-3-300x300.webp]
[dongyi.hk/product/womens-jersey-13/index.html]
[dongyi.hk/wp-content/uploads/2022/11/WOMENS-JERSEY-15.webp]
[dongyi.hk/product/womens-jersey-3-2/index.html]
[dongyi.hk/wp-json/wp/v2/product/988.json]
[dongyi.hk/wp-json/oembed/1.0/embedc556.json]
[dongyi.hk/wp-json/oembed/1.0/embedff43]
[dongyi.hk/wp-content/uploads/2022/11/WOMENS-JERSEY-15-600x900.webp]
[dongyi.hk/product/womens-jersey-15/index.html]
[dongyi.hk/wp-content/uploads/2022/11/WOMENS-JERSEY-16.webp]
[dongyi.hk/wp-json/wp/v2/product/990.json]
[dongyi.hk/wp-json/oembed/1.0/embed2235]
[dongyi.hk/wp-content/uploads/2022/11/WOMENS-JERSEY-16-600x900.webp]
[dongyi.hk/wp-content/uploads/2022/11/WOMENS-JERSEY-5-300x300.webp]
[dongyi.hk/product/womens-jersey-16/index.html]
[dongyi.hk/product/womens-jersey-5-2/index.html]
[dongyi.hk/wp-content/uploads/2022/11/WOMENS-JERSEY-17.webp]
[dongyi.hk/wp-json/wp/v2/product/991.json]
[dongyi.hk/wp-json/oembed/1.0/embedf7b8.json]
[dongyi.hk/wp-json/oembed/1.0/embed0b30]
[dongyi.hk/wp-content/uploads/2022/11/WOMENS-JERSEY-17-600x900.webp]
[dongyi.hk/wp-content/uploads/2022/11/WOMENS-JERSEY-3-300x300.jpg]
[dongyi.hk/product/womens-jersey-17/index.html]
[dongyi.hk/wp-content/uploads/2022/11/WOMENS-JERSEY-18.webp]
[dongyi.hk/product/womens-jersey-3/index.html]
[dongyi.hk/wp-json/wp/v2/product/996.json]
[dongyi.hk/wp-json/oembed/1.0/embed13f7.json]
[dongyi.hk/wp-json/oembed/1.0/embed49fc]
[dongyi.hk/wp-content/uploads/2022/11/WOMENS-JERSEY-18-600x900.webp]
[dongyi.hk/product/womens-jersey-18/index.html]
[dongyi.hk/wp-content/uploads/2022/11/WOMENS-JERSEY-19.webp]
[dongyi.hk/wp-json/wp/v2/product/997.json]
[dongyi.hk/wp-json/oembed/1.0/embed48ae.json]
[dongyi.hk/wp-json/oembed/1.0/embed24ec]
[dongyi.hk/wp-content/uploads/2022/11/WOMENS-JERSEY-19-600x900.webp]
[dongyi.hk/product/womens-jersey-19/index.html]
[dongyi.hk/wp-content/uploads/2022/11/WOMENS-JERSEY-2.webp]
[dongyi.hk/wp-json/wp/v2/product/958.json]
[dongyi.hk/wp-json/oembed/1.0/embed5a04.json]
[dongyi.hk/wp-json/oembed/1.0/embed6fd7]
[dongyi.hk/wp-content/uploads/2022/11/WOMENS-JERSEY-2-600x900.webp]
[dongyi.hk/product/womens-jersey-2-2/index.html]
[dongyi.hk/wp-content/uploads/2022/11/WOMENS-JERSEY-2.jpg]
[dongyi.hk/wp-json/wp/v2/product/950.json]
[dongyi.hk/wp-json/oembed/1.0/embede015.json]
[dongyi.hk/wp-json/oembed/1.0/embedd9ce]
[dongyi.hk/wp-content/uploads/2022/11/WOMENS-JERSEY-2-600x900.jpg]
[dongyi.hk/product/womens-jersey-2/index.html]
[dongyi.hk/wp-content/uploads/2022/11/WOMENS-JERSEY-20.webp]
[dongyi.hk/wp-json/wp/v2/product/999.json]
[dongyi.hk/wp-json/oembed/1.0/embed1cae.json]
[dongyi.hk/wp-json/oembed/1.0/embed1ef9]
[dongyi.hk/product/womens-jersey-20/index.html]
[dongyi.hk/wp-content/uploads/2022/11/WOMENS-JERSEY-20-600x900.webp]
[dongyi.hk/wp-content/uploads/2022/11/WOMENS-JERSEY-21.webp]
[dongyi.hk/wp-json/wp/v2/product/1000.json]
[dongyi.hk/wp-json/oembed/1.0/embed809e.json]
[dongyi.hk/wp-json/oembed/1.0/embed4abb]
[dongyi.hk/wp-content/uploads/2022/11/WOMENS-JERSEY-21-600x900.webp]
[dongyi.hk/product/womens-jersey-21/index.html]
[dongyi.hk/wp-content/uploads/elementor/css/post-39186e7.css]
[dongyi.hk/index64d4.html]
[dongyi.hk/indexcd66.html]
[dongyi.hk/indexc573.html]
[dongyi.hk/index4720.html]
[dongyi.hk/index2f99.html]
[dongyi.hk/index01b9.html]
[dongyi.hk/indexcde5.html]
[dongyi.hk/wp-content/uploads/elementor/css/post-117327a8.css]
[dongyi.hk/indexce40.html]
[dongyi.hk/wp-content/uploads/elementor/css/post-7137488.css]
[dongyi.hk/index2e8b.html]
[dongyi.hk/wp-content/plugins/elementor-pro/assets/css/widget-nav-menu.min.css]
[dongyi.hk/wp-content/plugins/elementor/assets/lib/e-gallery/css/e-gallery.min7359.css]
[dongyi.hk/wp-content/plugins/revslider/public/assets/fonts/pe-icon-7-stroke/fonts/Pe-icon-7-strokebb1d.svg]
[dongyi.hk/wp-content/plugins/agile-store-locator/public/css/icons/fontellob2a0.svg]
[dongyi.hk/wp-content/plugins/agile-store-locator/public/css/images/shape-icon.html]
[dongyi.hk/wp-content/plugins/revslider/public/assets/fonts/revicons/revicons90c6.svg]
[dongyi.hk/wp-content/uploads/2022/11/march22.jpg]
[dongyi.hk/wp-content/uploads/2023/01/323879792_1867215853616806_6586607749557254269_n.jpg]
[dongyi.hk/index1a9a.html]
[dongyi.hk/indexb140.html]
[dongyi.hk/index2f10.html]
[dongyi.hk/indexe1d7.html]
[dongyi.hk/indexdca8.html]
[dongyi.hk/index820e.html]
[dongyi.hk/blogs/index.html]
[dongyi.hk/wp-content/plugins/elementor/assets/lib/font-awesome/webfonts/fa-regular-400.svg]
[dongyi.hk/wp-content/uploads/elementor/css/post-2104399c.css]
[dongyi.hk/indexde16.html]
[dongyi.hk/wp-content/uploads/elementor/css/post-20617c10.css]
[dongyi.hk/index59b0.html]
[dongyi.hk/wp-content/uploads/elementor/css/post-2117f821.css]
[dongyi.hk/indexccad.html]
[dongyi.hk/wp-content/uploads/elementor/css/post-2110ca67.css]
[dongyi.hk/index2f60.html]
[dongyi.hk/wp-content/uploads/elementor/css/post-2123d06d.css]
[dongyi.hk/index55cf.html]
[dongyi.hk/wp-content/uploads/elementor/css/post-21318712.css]
[dongyi.hk/index77e5.html]
[dongyi.hk/wp-content/uploads/elementor/css/post-214015ee.css]
[dongyi.hk/index43cd.html]
[dongyi.hk/wp-content/uploads/elementor/css/post-2147017f.css]
[dongyi.hk/index2e2b.html]
[dongyi.hk/wp-content/uploads/elementor/css/post-21538f73.css]
[dongyi.hk/indexa5aa.html]
[dongyi.hk/wp-content/uploads/elementor/css/post-2158163f.css]
[dongyi.hk/index87ad.html]
[dongyi.hk/wp-content/uploads/elementor/css/post-2163c62b.css]
[dongyi.hk/index1800.html]
[dongyi.hk/wp-content/uploads/elementor/css/post-2168c62b.css]
[dongyi.hk/index1313.html]
[dongyi.hk/wp-content/uploads/2022/11/20160128165505554.jpg]
[dongyi.hk/wp-json/wp/v2/product/1077.json]
[dongyi.hk/wp-json/oembed/1.0/embed6d2e.json]
[dongyi.hk/wp-json/oembed/1.0/embedabcb]
[dongyi.hk/wp-content/uploads/2022/11/20160128165505554-600x400.jpg]
[dongyi.hk/product/1/index.html]
[dongyi.hk/wp-content/uploads/2022/11/20160128165505154-1.jpg]
[dongyi.hk/wp-json/wp/v2/product/1079.json]
[dongyi.hk/wp-json/oembed/1.0/embede6d4.json]
[dongyi.hk/wp-json/oembed/1.0/embedda4b]
[dongyi.hk/product/2/index.html]
[dongyi.hk/wp-content/uploads/2022/11/20160128165505154-1-600x399.jpg]
[dongyi.hk/wp-content/uploads/2022/11/20160128165505238.jpg]
[dongyi.hk/wp-json/wp/v2/product/1080.json]
[dongyi.hk/wp-json/oembed/1.0/embed41ce.json]
[dongyi.hk/wp-json/oembed/1.0/embed89e9]
[dongyi.hk/wp-content/uploads/2022/11/20160128165505238-600x399.jpg]
[dongyi.hk/product/3/index.html]
[dongyi.hk/wp-content/uploads/2022/11/20160128165745518-1.jpg]
[dongyi.hk/wp-json/wp/v2/product/1122.json]
[dongyi.hk/wp-json/oembed/1.0/embed271e.json]
[dongyi.hk/wp-json/oembed/1.0/embed132a]
[dongyi.hk/wp-content/uploads/2022/11/20160128165745518-1-600x399.jpg]
[dongyi.hk/product/kidswear/index.html]
[dongyi.hk/wp-content/uploads/2022/11/20160128165745368-1.jpg]
[dongyi.hk/wp-json/wp/v2/product/1125.json]
[dongyi.hk/wp-json/oembed/1.0/embedc0ef.json]
[dongyi.hk/wp-json/oembed/1.0/embed7d61]
[dongyi.hk/wp-content/uploads/2022/11/20160128165745368-1-600x400.jpg]
[dongyi.hk/product/kidswear-2/index.html]
[dongyi.hk/wp-content/uploads/2022/11/20160128165745885-1-1.jpg]
[dongyi.hk/wp-json/wp/v2/product/1128.json]
[dongyi.hk/wp-json/oembed/1.0/embed1742.json]
[dongyi.hk/wp-json/oembed/1.0/embed7afb]
[dongyi.hk/wp-content/uploads/2022/11/20160128165745885-1-1-600x400.jpg]
[dongyi.hk/product/kidswear-3/index.html]
[dongyi.hk/wp-content/uploads/2022/11/20160128165745680-1-1.jpg]
[dongyi.hk/wp-json/wp/v2/product/1131.json]
[dongyi.hk/wp-json/oembed/1.0/embed0917.json]
[dongyi.hk/wp-json/oembed/1.0/embed29fa]
[dongyi.hk/product/kidswear-4/index.html]
[dongyi.hk/wp-content/uploads/2022/11/20160128165745680-1-1-600x399.jpg]
[dongyi.hk/wp-content/uploads/2022/11/20160128165505383-1-1.jpg]
[dongyi.hk/wp-json/wp/v2/product/1134.json]
[dongyi.hk/wp-json/oembed/1.0/embed092f.json]
[dongyi.hk/wp-json/oembed/1.0/embed5f7f]
[dongyi.hk/product/kidswear-5/index.html]
[dongyi.hk/wp-content/uploads/2022/11/20160128165505383-1-1-600x399.jpg]
[dongyi.hk/wp-content/uploads/2022/11/20160128165505344-1.jpg]
[dongyi.hk/wp-json/wp/v2/product/1137.json]
[dongyi.hk/wp-json/oembed/1.0/embed3209.json]
[dongyi.hk/wp-json/oembed/1.0/embed9a3c]
[dongyi.hk/product/kidswear-6/index.html]
[dongyi.hk/wp-content/uploads/2022/11/20160128165505344-1-600x400.jpg]
[dongyi.hk/wp-content/uploads/2022/11/20160128165745331-1.jpg]
[dongyi.hk/wp-json/wp/v2/product/1140.json]
[dongyi.hk/wp-json/oembed/1.0/embed6983.json]
[dongyi.hk/wp-json/oembed/1.0/embed9721]
[dongyi.hk/wp-content/uploads/2022/11/20160128165745331-1-600x400.jpg]
[dongyi.hk/product/kidswear-7/index.html]
[dongyi.hk/wp-content/uploads/2022/11/20160128165505902-1.jpg]
[dongyi.hk/wp-json/wp/v2/product/1144.json]
[dongyi.hk/wp-json/oembed/1.0/embed6670.json]
[dongyi.hk/wp-json/oembed/1.0/embed4cfc]
[dongyi.hk/wp-content/uploads/2022/11/20160128165505902-1-600x399.jpg]
[dongyi.hk/product/kidswear-8/index.html]
[dongyi.hk/wp-content/uploads/2022/11/20160128165745674-1.jpg]
[dongyi.hk/wp-json/wp/v2/product/1148.json]
[dongyi.hk/wp-json/oembed/1.0/embedb8ee.json]
[dongyi.hk/wp-json/oembed/1.0/embedd2a0]
[dongyi.hk/product/kidswear-9/index.html]
[dongyi.hk/wp-content/uploads/2022/11/20160128165745674-1-600x399.jpg]
[dongyi.hk/wp-content/plugins/woocommerce/assets/css/photoswipe/default-skin/default-skin.png]
[dongyi.hk/wp-content/plugins/woocommerce/assets/css/photoswipe/photoswipe.min9b80.css]
[dongyi.hk/wp-content/plugins/woocommerce/assets/css/photoswipe/default-skin/default-skin.svg]
[dongyi.hk/wp-content/plugins/woocommerce/assets/css/photoswipe/default-skin/preloader.gif]
[dongyi.hk/wp-content/plugins/woocommerce/assets/css/photoswipe/default-skin/default-skin.min9b80.css]
[dongyi.hk/indexd0f6.html]
[dongyi.hk/index820a.html]
[dongyi.hk/index763e.html]
[dongyi.hk/wp-content/uploads/2022/11/womens-denim-3.jpg]
[dongyi.hk/wp-json/wp/v2/product/1055.json]
[dongyi.hk/wp-json/oembed/1.0/embede47d.json]
[dongyi.hk/wp-json/oembed/1.0/embede3f0]
[dongyi.hk/wp-content/uploads/2022/11/womens-denim-3-600x900.jpg]
[dongyi.hk/product/womens-denim-3/index.html]
[dongyi.hk/indexc308.html]
[dongyi.hk/wp-content/uploads/2022/11/womens-denim-3.webp]
[dongyi.hk/wp-json/wp/v2/product/1056.json]
[dongyi.hk/wp-json/oembed/1.0/embedfd49.json]
[dongyi.hk/wp-json/oembed/1.0/embeda035]
[dongyi.hk/product/womens-denim-3-2/index.html]
[dongyi.hk/index6fdb.html]
[dongyi.hk/wp-content/uploads/2022/11/womens-denim-3-600x900.webp]
[dongyi.hk/wp-content/uploads/2022/11/womens-denim-6.webp]
[dongyi.hk/wp-json/wp/v2/product/1059.json]
[dongyi.hk/wp-json/oembed/1.0/embedac77.json]
[dongyi.hk/wp-json/oembed/1.0/embedd2c1]
[dongyi.hk/product/womens-denim-6-2/index.html]
[dongyi.hk/wp-content/uploads/2022/11/womens-denim-6-600x900.webp]
[dongyi.hk/wp-content/uploads/2022/11/womens-denim-5.webp]
[dongyi.hk/wp-json/wp/v2/product/1058.json]
[dongyi.hk/wp-json/oembed/1.0/embed223c.json]
[dongyi.hk/wp-json/oembed/1.0/embed569a]
[dongyi.hk/wp-content/uploads/2022/11/womens-denim-5-600x900.webp]
[dongyi.hk/product/womens-denim-5-2/index.html]
[dongyi.hk/indexd1fc.html]
[dongyi.hk/indexec9a.html]
[dongyi.hk/wp-content/uploads/2022/11/womens-denim-2.jpg]
[dongyi.hk/wp-json/wp/v2/product/1054.json]
[dongyi.hk/wp-json/oembed/1.0/embedae67.json]
[dongyi.hk/wp-json/oembed/1.0/embed9b51]
[dongyi.hk/wp-content/uploads/2022/11/womens-denim-2-600x900.jpg]
[dongyi.hk/product/womens-denim-2/index.html]
[dongyi.hk/index4c3a.html]
[dongyi.hk/index6cf4.html]
[dongyi.hk/indexa34f.html]
[dongyi.hk/index0d89.html]
[dongyi.hk/index6144.html]
[dongyi.hk/indexaaab.html]
[dongyi.hk/index2d45.html]
[dongyi.hk/indexd399.html]
[dongyi.hk/index049d.html]
[dongyi.hk/index9fe1.html]
[dongyi.hk/wp-content/uploads/2022/11/A65521s-scaled-1.webp]
[dongyi.hk/wp-json/wp/v2/product/847.json]
[dongyi.hk/wp-json/oembed/1.0/embed74bd.json]
[dongyi.hk/wp-json/oembed/1.0/embed6d46]
[dongyi.hk/product/womens-denim-5/index.html]
[dongyi.hk/indexfe6b.html]
[dongyi.hk/index2cc4.html]
[dongyi.hk/indexea3e.html]
[dongyi.hk/indexdf27.html]
[dongyi.hk/indexb703.html]
[dongyi.hk/indexf884.html]
[dongyi.hk/indexf0fa.html]
[dongyi.hk/index2a95.html]
[dongyi.hk/wp-content/uploads/2022/11/A65521s-scaled-1-600x900.webp]
[dongyi.hk/wp-content/uploads/2022/11/WOMENS-JERSEY-1-600x900.jpeg]
[dongyi.hk/wp-json/oembed/1.0/embed3c5c]
[dongyi.hk/wp-content/uploads/2022/11/WOMENS-JERSEY-7.webp]
[dongyi.hk/wp-json/wp/v2/product/932]
[dongyi.hk/wp-json/oembed/1.0/embed7a79]
[dongyi.hk/wp-json/wp/v2/product/974.json]
[dongyi.hk/wp-json/oembed/1.0/embeda25a.json]
[dongyi.hk/wp-json/oembed/1.0/embed1f18]
[dongyi.hk/wp-content/uploads/2022/11/WOMENS-JERSEY-7-600x900.webp]
[dongyi.hk/product/womens-jersey-7/index.html]
[dongyi.hk/wp-content/uploads/2022/11/WOMENS-JERSEY-4.webp]
[dongyi.hk/wp-json/wp/v2/product/966.json]
[dongyi.hk/wp-json/oembed/1.0/embed3ef9.json]
[dongyi.hk/wp-json/oembed/1.0/embedb2a2]
[dongyi.hk/wp-content/uploads/2022/11/WOMENS-JERSEY-4-600x900.webp]
[dongyi.hk/product/womens-jersey-4-2/index.html]
[dongyi.hk/wp-content/uploads/2022/11/WOMENS-JERSEY-4.jpg]
[dongyi.hk/wp-json/wp/v2/product/964.json]
[dongyi.hk/wp-json/oembed/1.0/embed198f.json]
[dongyi.hk/wp-json/oembed/1.0/embed2a8e]
[dongyi.hk/wp-content/uploads/2022/11/WOMENS-JERSEY-4-600x900.jpg]
[dongyi.hk/product/womens-jersey-4/index.html]
[dongyi.hk/wp-content/uploads/2022/11/WOMENS-JERSEY-8.webp]
[dongyi.hk/wp-json/wp/v2/product/976.json]
[dongyi.hk/wp-json/oembed/1.0/embed0a34.json]
[dongyi.hk/wp-json/oembed/1.0/embed0032]
[dongyi.hk/wp-content/uploads/2022/11/WOMENS-JERSEY-8-600x900.webp]
[dongyi.hk/product/womens-jersey-8/index.html]
[dongyi.hk/indexeda8.html]
[dongyi.hk/indexca89.html]
[dongyi.hk/index0849.html]
[dongyi.hk/wp-content/uploads/2022/11/WOMENS-JERSEY-5.jpg]
[dongyi.hk/wp-json/wp/v2/product/968.json]
[dongyi.hk/wp-json/oembed/1.0/embed8d3e.json]
[dongyi.hk/wp-json/oembed/1.0/embed32ed]
[dongyi.hk/product/womens-jersey-5/index.html]
[dongyi.hk/index1834.html]
[dongyi.hk/wp-content/uploads/2022/11/WOMENS-JERSEY-5-600x900.jpg]
[dongyi.hk/wp-content/uploads/2022/11/WOMENS-JERSEY-9.webp]
[dongyi.hk/wp-json/wp/v2/product/978.json]
[dongyi.hk/wp-json/oembed/1.0/embed6a34.json]
[dongyi.hk/wp-json/oembed/1.0/embed7361]
[dongyi.hk/wp-content/uploads/2022/11/WOMENS-JERSEY-9-600x900.webp]
[dongyi.hk/product/womens-jersey-9/index.html]
[dongyi.hk/index3afd.html]
[dongyi.hk/index80ad.html]
[dongyi.hk/wp-content/uploads/2022/11/WOMENS-JERSEY-3.webp]
[dongyi.hk/wp-json/wp/v2/product/962.json]
[dongyi.hk/wp-json/oembed/1.0/embeda0cc.json]
[dongyi.hk/wp-json/oembed/1.0/embedaf92]
[dongyi.hk/wp-content/uploads/2022/11/WOMENS-JERSEY-3-600x900.webp]
[dongyi.hk/wp-content/uploads/2022/11/WOMENS-JERSEY-6-300x300.webp]
[dongyi.hk/product/womens-jersey-3-2/index.html]
[dongyi.hk/indexf4ce.html]
[dongyi.hk/index4b26.html]
[dongyi.hk/wp-content/uploads/2022/11/WOMENS-JERSEY-5.webp]
[dongyi.hk/product/womens-jersey-6/index.html]
[dongyi.hk/wp-json/oembed/1.0/embedcb7c]
[dongyi.hk/wp-json/wp/v2/product/970.json]
[dongyi.hk/wp-json/oembed/1.0/embed7175.json]
[dongyi.hk/wp-json/oembed/1.0/embed81c0]
[dongyi.hk/wp-content/uploads/2022/11/WOMENS-JERSEY-5-600x900.webp]
[dongyi.hk/product/womens-jersey-5-2/index.html]
[dongyi.hk/index652e.html]
[dongyi.hk/wp-content/uploads/2022/11/WOMENS-JERSEY-3.jpg]
[dongyi.hk/wp-json/wp/v2/product/960.json]
[dongyi.hk/wp-json/oembed/1.0/embed621b.json]
[dongyi.hk/wp-json/oembed/1.0/embedc771]
[dongyi.hk/wp-content/uploads/2022/11/WOMENS-JERSEY-3-600x900.jpg]
[dongyi.hk/product/womens-jersey-3/index.html]
[dongyi.hk/index3fd6.html]
[dongyi.hk/index7451.html]
[dongyi.hk/index1dd2.html]
[dongyi.hk/index974f.html]
[dongyi.hk/index58aa.html]
[dongyi.hk/indexbb97.html]
[localhost/dongyi.hk/wp-content/uploads/2022/11/aboutus_6360c839809904.334448081667287097-1.jpg]
[localhost/dongyi.hk/wp-content/uploads/2022/11/category_63623e727bb6c1.511760081667382898.png]
[dongyi.hk/index8146.html]
[dongyi.hk/indexac40.html]
[dongyi.hk/indexc7c9.html]
[dongyi.hk/indexc9bc.html]
[dongyi.hk/indexb3e2.html]
[dongyi.hk/indexaae7.html]
[dongyi.hk/index3d91.html]
[dongyi.hk/index6635.html]
[dongyi.hk/index2169.html]
[dongyi.hk/indexc7a9.html]
[dongyi.hk/index1723.html]
[dongyi.hk/index6ca6.html]
[dongyi.hk/wp-content/plugins/woocommerce/assets/css/photoswipe/default-skin/default-skin.svg]
[dongyi.hk/indexb0e9.html]
[dongyi.hk/index3f75.html]
[dongyi.hk/index8973.html]
[dongyi.hk/index95ac.html]
[dongyi.hk/indexd030.html]
[dongyi.hk/indexdabb.html]
[dongyi.hk/index9f44.html]
[dongyi.hk/index9011.html]
[dongyi.hk/index325c.html]
[dongyi.hk/indexf8c8.html]
[dongyi.hk/index6b6d.html]
[dongyi.hk/index3c3e.html]
[dongyi.hk/indexd7e6.html]
[dongyi.hk/wp-content/uploads/2022/11/WOMENS-JERSEY-6.webp]
[dongyi.hk/wp-json/wp/v2/product/972.json]
[dongyi.hk/wp-json/oembed/1.0/embed57b8.json]
[dongyi.hk/wp-content/uploads/2022/11/WOMENS-JERSEY-6-600x900.webp]
[dongyi.hk/product/womens-jersey-6/index.html]
[dongyi.hk/index1469.html]
[dongyi.hk/indexca7c.html]
[dongyi.hk/indexf843.html]
[dongyi.hk/wp-json/oembed/1.0/embed6f13]
